21:12:29 **** Incremental Build of configuration Debug for project stm32_ring_buffer ****
make -j8 all 
arm-none-eabi-gcc "../Src/main.c" -mcpu=cortex-m3 -std=gnu11 -g3 -DDEBUG -DUSE_HAL_DRIVER -DSTM32F103xB -c -I../Inc -I../Drivers/STM32F1xx_HAL_Driver/Inc -I../Drivers/STM32F1xx_HAL_Driver/Inc/Legacy -I../Drivers/CMSIS/Device/ST/STM32F1xx/Include -I../Drivers/CMSIS/Include -O0 -ffunction-sections -fdata-sections -Wall -fstack-usage -MMD -MP -MF"Src/main.d" -MT"Src/main.o" --specs=nano.specs -mfloat-abi=soft -mthumb -o "Src/main.o"
arm-none-eabi-gcc -o "stm32_ring_buffer.elf" @"objects.list"   -mcpu=cortex-m3 -T"E:\Workspace\libary_emb\C-C++\Embedded_C99\Microcontroller\stm32f10x\test_lib\stm32f103c8t6_hal\stm32_ring_buffer\STM32F103C8TX_FLASH.ld" --specs=nosys.specs -Wl,-Map="stm32_ring_buffer.map" -Wl,--gc-sections -static --specs=nano.specs -mfloat-abi=soft -mthumb -Wl,--start-group -lc -lm -Wl,--end-group
Finished building target: stm32_ring_buffer.elf
 
arm-none-eabi-size   stm32_ring_buffer.elf 
arm-none-eabi-objdump -h -S  stm32_ring_buffer.elf  > "stm32_ring_buffer.list"
   text	   data	    bss	    dec	    hex	filename
  19160	    136	   1920	  21216	   52e0	stm32_ring_buffer.elf
Finished building: default.size.stdout
 
Finished building: stm32_ring_buffer.list
 
21:13:11 **** Incremental Build of configuration Debug for project stm32_ring_buffer ****
make -j8 all 
arm-none-eabi-size   stm32_ring_buffer.elf 
   text	   data	    bss	    dec	    hex	filename
  19160	    136	   1920	  21216	   52e0	stm32_ring_buffer.elf
Finished building: default.size.stdout
 
21:13:31 **** Incremental Build of configuration Debug for project stm32_ring_buffer ****
make -j8 all 
arm-none-eabi-size   stm32_ring_buffer.elf 
   text	   data	    bss	    dec	    hex	filename
  19160	    136	   1920	  21216	   52e0	stm32_ring_buffer.elf
Finished building: default.size.stdout
 
21:16:35 **** Incremental Build of configuration Debug for project stm32_ring_buffer ****
make -j8 all 
arm-none-eabi-size   stm32_ring_buffer.elf 
   text	   data	    bss	    dec	    hex	filename
  19160	    136	   1920	  21216	   52e0	stm32_ring_buffer.elf
Finished building: default.size.stdout
 
21:18:45 **** Incremental Build of configuration Debug for project stm32_ring_buffer ****
make -j8 all 
arm-none-eabi-size   stm32_ring_buffer.elf 
   text	   data	    bss	    dec	    hex	filename
  19160	    136	   1920	  21216	   52e0	stm32_ring_buffer.elf
Finished building: default.size.stdout
 
