Component: Arm Compiler for Embedded 6.19 Tool: armlink [5e73cb00]

==============================================================================

Section Cross References

    startup_stm32f103xb.o(STACK) refers (Special) to heapauxi.o(.text) for __use_two_region_memory
    startup_stm32f103xb.o(HEAP) refers (Special) to heapauxi.o(.text) for __use_two_region_memory
    startup_stm32f103xb.o(RESET) refers (Special) to heapauxi.o(.text) for __use_two_region_memory
    startup_stm32f103xb.o(RESET) refers to startup_stm32f103xb.o(STACK) for __initial_sp
    startup_stm32f103xb.o(RESET) refers to startup_stm32f103xb.o(.text) for Reset_Handler
    startup_stm32f103xb.o(RESET) refers to stm32f1xx_it.o(.text.NMI_Handler) for NMI_Handler
    startup_stm32f103xb.o(RESET) refers to stm32f1xx_it.o(.text.HardFault_Handler) for HardFault_Handler
    startup_stm32f103xb.o(RESET) refers to stm32f1xx_it.o(.text.MemManage_Handler) for MemManage_Handler
    startup_stm32f103xb.o(RESET) refers to stm32f1xx_it.o(.text.BusFault_Handler) for BusFault_Handler
    startup_stm32f103xb.o(RESET) refers to stm32f1xx_it.o(.text.UsageFault_Handler) for UsageFault_Handler
    startup_stm32f103xb.o(RESET) refers to port.o(.text.SVC_Handler) for SVC_Handler
    startup_stm32f103xb.o(RESET) refers to stm32f1xx_it.o(.text.DebugMon_Handler) for DebugMon_Handler
    startup_stm32f103xb.o(RESET) refers to port.o(.text.PendSV_Handler) for PendSV_Handler
    startup_stm32f103xb.o(RESET) refers to port.o(.text.SysTick_Handler) for SysTick_Handler
    startup_stm32f103xb.o(RESET) refers to stm32f1xx_it.o(.text.TIM4_IRQHandler) for TIM4_IRQHandler
    startup_stm32f103xb.o(.text) refers (Special) to heapauxi.o(.text) for __use_two_region_memory
    startup_stm32f103xb.o(.text) refers to system_stm32f1xx.o(.text.SystemInit) for SystemInit
    startup_stm32f103xb.o(.text) refers to __main.o(!!!main) for __main
    startup_stm32f103xb.o(.text) refers to startup_stm32f103xb.o(HEAP) for Heap_Mem
    startup_stm32f103xb.o(.text) refers to startup_stm32f103xb.o(STACK) for Stack_Mem
    dht.o(.text.DELAY_TIM_Init) refers to stm32f1xx_hal_tim.o(.text.HAL_TIM_Base_Start) for HAL_TIM_Base_Start
    dht.o(.ARM.exidx.text.DELAY_TIM_Init) refers to dht.o(.text.DELAY_TIM_Init) for [Anonymous Symbol]
    dht.o(.ARM.exidx.text.DELAY_TIM_Us) refers to dht.o(.text.DELAY_TIM_Us) for [Anonymous Symbol]
    dht.o(.text.DHT_Init) refers to dht.o(.text.DHT_DelayInit) for DHT_DelayInit
    dht.o(.ARM.exidx.text.DHT_Init) refers to dht.o(.text.DHT_Init) for [Anonymous Symbol]
    dht.o(.text.DHT_DelayInit) refers to dht.o(.text.DELAY_TIM_Init) for DELAY_TIM_Init
    dht.o(.ARM.exidx.text.DHT_DelayInit) refers to dht.o(.text.DHT_DelayInit) for [Anonymous Symbol]
    dht.o(.text.DHT_ReadTempHum) refers to dht.o(.text.DHT_Start) for DHT_Start
    dht.o(.text.DHT_ReadTempHum) refers to dht.o(.text.DHT_Read) for DHT_Read
    dht.o(.text.DHT_ReadTempHum) refers to dflt_clz.o(x$fpl$dflt) for __aeabi_i2d
    dht.o(.text.DHT_ReadTempHum) refers to ddiv.o(x$fpl$ddiv) for __aeabi_ddiv
    dht.o(.text.DHT_ReadTempHum) refers to d2f.o(x$fpl$d2f) for __aeabi_d2f
    dht.o(.ARM.exidx.text.DHT_ReadTempHum) refers to dht.o(.text.DHT_ReadTempHum) for [Anonymous Symbol]
    dht.o(.text.DHT_Start) refers to dht.o(.text.DHT_SetPinOut) for DHT_SetPinOut
    dht.o(.text.DHT_Start) refers to dht.o(.text.DHT_WritePin) for DHT_WritePin
    dht.o(.text.DHT_Start) refers to dht.o(.text.DHT_DelayUs) for DHT_DelayUs
    dht.o(.text.DHT_Start) refers to dht.o(.text.DHT_SetPinIn) for DHT_SetPinIn
    dht.o(.text.DHT_Start) refers to dht.o(.text.DHT_ReadPin) for DHT_ReadPin
    dht.o(.ARM.exidx.text.DHT_Start) refers to dht.o(.text.DHT_Start) for [Anonymous Symbol]
    dht.o(.text.DHT_Read) refers to dht.o(.text.DHT_SetPinIn) for DHT_SetPinIn
    dht.o(.text.DHT_Read) refers to dht.o(.text.DHT_ReadPin) for DHT_ReadPin
    dht.o(.text.DHT_Read) refers to dht.o(.text.DHT_DelayUs) for DHT_DelayUs
    dht.o(.ARM.exidx.text.DHT_Read) refers to dht.o(.text.DHT_Read) for [Anonymous Symbol]
    dht.o(.text.DHT_SetPinOut) refers to stm32f1xx_hal_gpio.o(.text.HAL_GPIO_Init) for HAL_GPIO_Init
    dht.o(.ARM.exidx.text.DHT_SetPinOut) refers to dht.o(.text.DHT_SetPinOut) for [Anonymous Symbol]
    dht.o(.text.DHT_WritePin) refers to stm32f1xx_hal_gpio.o(.text.HAL_GPIO_WritePin) for HAL_GPIO_WritePin
    dht.o(.ARM.exidx.text.DHT_WritePin) refers to dht.o(.text.DHT_WritePin) for [Anonymous Symbol]
    dht.o(.text.DHT_DelayUs) refers to dht.o(.text.DELAY_TIM_Us) for DELAY_TIM_Us
    dht.o(.ARM.exidx.text.DHT_DelayUs) refers to dht.o(.text.DHT_DelayUs) for [Anonymous Symbol]
    dht.o(.text.DHT_SetPinIn) refers to stm32f1xx_hal_gpio.o(.text.HAL_GPIO_Init) for HAL_GPIO_Init
    dht.o(.ARM.exidx.text.DHT_SetPinIn) refers to dht.o(.text.DHT_SetPinIn) for [Anonymous Symbol]
    dht.o(.text.DHT_ReadPin) refers to stm32f1xx_hal_gpio.o(.text.HAL_GPIO_ReadPin) for HAL_GPIO_ReadPin
[...]
    uxTopReadyPriority                       0x20000e5c   Data           4  tasks_1.o(.bss.uxTopReadyPriority)
    [Anonymous Symbol]                       0x20000e5c   Section        0  tasks_1.o(.bss.uxTopReadyPriority)
    xBlockAllocatedBit                       0x20000e60   Data           4  heap_4_1.o(.bss.xBlockAllocatedBit)
    [Anonymous Symbol]                       0x20000e60   Section        0  heap_4_1.o(.bss.xBlockAllocatedBit)
    xDelayedTaskList1                        0x20000e64   Data          20  tasks_1.o(.bss.xDelayedTaskList1)
    [Anonymous Symbol]                       0x20000e64   Section        0  tasks_1.o(.bss.xDelayedTaskList1)
    xDelayedTaskList2                        0x20000e78   Data          20  tasks_1.o(.bss.xDelayedTaskList2)
    [Anonymous Symbol]                       0x20000e78   Section        0  tasks_1.o(.bss.xDelayedTaskList2)
    xFreeBytesRemaining                      0x20000e8c   Data           4  heap_4_1.o(.bss.xFreeBytesRemaining)
    [Anonymous Symbol]                       0x20000e8c   Section        0  heap_4_1.o(.bss.xFreeBytesRemaining)
    xIdleStack                               0x20000e90   Data         512  freertos.o(.bss.xIdleStack)
    [Anonymous Symbol]                       0x20000e90   Section        0  freertos.o(.bss.xIdleStack)
    xIdleTaskHandle                          0x20001090   Data           4  tasks_1.o(.bss.xIdleTaskHandle)
    [Anonymous Symbol]                       0x20001090   Section        0  tasks_1.o(.bss.xIdleTaskHandle)
    xIdleTaskTCBBuffer                       0x20001094   Data          84  freertos.o(.bss.xIdleTaskTCBBuffer)
    [Anonymous Symbol]                       0x20001094   Section        0  freertos.o(.bss.xIdleTaskTCBBuffer)
    xMinimumEverFreeBytesRemaining           0x200010e8   Data           4  heap_4_1.o(.bss.xMinimumEverFreeBytesRemaining)
    [Anonymous Symbol]                       0x200010e8   Section        0  heap_4_1.o(.bss.xMinimumEverFreeBytesRemaining)
    xNextTaskUnblockTime                     0x200010ec   Data           4  tasks_1.o(.bss.xNextTaskUnblockTime)
    [Anonymous Symbol]                       0x200010ec   Section        0  tasks_1.o(.bss.xNextTaskUnblockTime)
    xNumOfOverflows                          0x200010f0   Data           4  tasks_1.o(.bss.xNumOfOverflows)
    [Anonymous Symbol]                       0x200010f0   Section        0  tasks_1.o(.bss.xNumOfOverflows)
    xPendingReadyList                        0x200010f4   Data          20  tasks_1.o(.bss.xPendingReadyList)
    [Anonymous Symbol]                       0x200010f4   Section        0  tasks_1.o(.bss.xPendingReadyList)
    xSchedulerRunning                        0x20001108   Data           4  tasks_1.o(.bss.xSchedulerRunning)
    [Anonymous Symbol]                       0x20001108   Section        0  tasks_1.o(.bss.xSchedulerRunning)
    xStart                                   0x2000110c   Data           8  heap_4_1.o(.bss.xStart)
    [Anonymous Symbol]                       0x2000110c   Section        0  heap_4_1.o(.bss.xStart)
    xSuspendedTaskList                       0x20001114   Data          20  tasks_1.o(.bss.xSuspendedTaskList)
    [Anonymous Symbol]                       0x20001114   Section        0  tasks_1.o(.bss.xSuspendedTaskList)
    xTasksWaitingTermination                 0x20001128   Data          20  tasks_1.o(.bss.xTasksWaitingTermination)
    [Anonymous Symbol]                       0x20001128   Section        0  tasks_1.o(.bss.xTasksWaitingTermination)
    xTickCount                               0x2000113c   Data           4  tasks_1.o(.bss.xTickCount)
    [Anonymous Symbol]                       0x2000113c   Section        0  tasks_1.o(.bss.xTickCount)
    xYieldPending                            0x20001140   Data           4  tasks_1.o(.bss.xYieldPending)
    [Anonymous Symbol]                       0x20001140   Section        0  tasks_1.o(.bss.xYieldPending)
    Heap_Mem                                 0x20001148   Data         512  startup_stm32f103xb.o(HEAP)
    HEAP                                     0x20001148   Section      512  startup_stm32f103xb.o(HEAP)
    Stack_Mem                                0x20001348   Data        1024  startup_stm32f103xb.o(STACK)
    STACK                                    0x20001348   Section     1024  startup_stm32f103xb.o(STACK)
    __initial_sp                             0x20001748   Data           0  startup_stm32f103xb.o(STACK)

    Global Symbols

    Symbol Name                              Value     Ov Type        Size  Object(Section)

    BuildAttributes$$THM_ISAv4$P$D$K$B$S$PE$A:L22UL41UL21$X:L11$S22US41US21$IEEE1$IW$~IW$USESV6$~STKCKD$USESV7$~SHL$OTIME$ROPI$IEEEJ$EBA8$UX$STANDARDLIB$REQ8$PRES8$EABIv2 0x00000000   Number         0  anon$$obj.o ABSOLUTE
    __fp_init_empty                          0x00000000   Number         0  fpinit_empty.o ABSOLUTE
    _printf_flags                            0x00000000   Number         0  printf_stubs.o ABSOLUTE
    _printf_return_value                     0x00000000   Number         0  printf_stubs.o ABSOLUTE
    _printf_sizespec                         0x00000000   Number         0  printf_stubs.o ABSOLUTE
    _printf_widthprec                        0x00000000   Number         0  printf_stubs.o ABSOLUTE
    __ARM_exceptions_init                     - Undefined Weak Reference
    __alloca_initialize                       - Undefined Weak Reference
    __arm_preinit_                            - Undefined Weak Reference
    __arm_relocate_pie_                       - Undefined Weak Reference
    __cpp_initialize__aeabi_                  - Undefined Weak Reference
    __cxa_finalize                            - Undefined Weak Reference
    __sigvec_lookup                           - Undefined Weak Reference
    _atexit_init                              - Undefined Weak Reference
    _call_atexit_fns                          - Undefined Weak Reference
    _clock_init                               - Undefined Weak Reference
    _fp_trap_init                             - Undefined Weak Reference
    _fp_trap_shutdown                         - Undefined Weak Reference
    _get_lc_collate                           - Undefined Weak Reference
    _get_lc_monetary                          - Undefined Weak Reference
    _get_lc_time                              - Undefined Weak Reference
    _getenv_init                              - Undefined Weak Reference
    _handle_redirection                       - Undefined Weak Reference
    _init_alloc                               - Undefined Weak Reference
    _init_user_alloc                          - Undefined Weak Reference
    _initio                                   - Undefined Weak Reference
    _printf_mbtowc                            - Undefined Weak Reference
    _printf_wc                                - Undefined Weak Reference
    _rand_init                                - Undefined Weak Reference
    _signal_finish                            - Undefined Weak Reference
    _signal_init                              - Undefined Weak Reference
    _terminate_alloc                          - Undefined Weak Reference
    _terminate_user_alloc                     - Undefined Weak Reference
    _terminateio                              - Undefined Weak Reference
    __Vectors_Size                           0x000000ec   Number         0  startup_stm32f103xb.o ABSOLUTE
    __Vectors                                0x08000000   Data           4  startup_stm32f103xb.o(RESET)
    __Vectors_End                            0x080000ec   Data           0  startup_stm32f103xb.o(RESET)
    __main                                   0x080000ed   Thumb Code     8  __main.o(!!!main)
    __scatterload                            0x080000f5   Thumb Code     0  __scatter.o(!!!scatter)
    __scatterload_rt2                        0x080000f5   Thumb Code    44  __scatter.o(!!!scatter)
    __scatterload_rt2_thumb_only             0x080000f5   Thumb Code     0  __scatter.o(!!!scatter)
    __scatterload_null                       0x08000103   Thumb Code     0  __scatter.o(!!!scatter)
    __scatterload_copy                       0x08000129   Thumb Code    26  __scatter_copy.o(!!handler_copy)
    __scatterload_zeroinit                   0x08000145   Thumb Code    28  __scatter_zi.o(!!handler_zi)
    _printf_n                                0x08000161   Thumb Code     0  _printf_n.o(.ARM.Collect$$_printf_percent$$00000001)
    _printf_percent                          0x08000161   Thumb Code     0  _printf_percent.o(.ARM.Collect$$_printf_percent$$00000000)
    _printf_p                                0x08000167   Thumb Code     0  _printf_p.o(.ARM.Collect$$_printf_percent$$00000002)
    _printf_f                                0x0800016d   Thumb Code     0  _printf_f.o(.ARM.Collect$$_printf_percent$$00000003)
    _printf_e                                0x08000173   Thumb Code     0  _printf_e.o(.ARM.Collect$$_printf_percent$$00000004)
    _printf_g                                0x08000179   Thumb Code     0  _printf_g.o(.ARM.Collect$$_printf_percent$$00000005)
    _printf_a                                0x0800017f   Thumb Code     0  _printf_a.o(.ARM.Collect$$_printf_percent$$00000006)
    _printf_ll                               0x08000185   Thumb Code     0  _printf_ll.o(.ARM.Collect$$_printf_percent$$00000007)
    _printf_i                                0x0800018f   Thumb Code     0  _printf_i.o(.ARM.Collect$$_printf_percent$$00000008)
    _printf_d                                0x08000195   Thumb Code     0  _printf_d.o(.ARM.Collect$$_printf_percent$$00000009)
    _printf_u                                0x0800019b   Thumb Code     0  _printf_u.o(.ARM.Collect$$_printf_percent$$0000000A)
    _printf_o                                0x080001a1   Thumb Code     0  _printf_o.o(.ARM.Collect$$_printf_percent$$0000000B)
    _printf_x                                0x080001a7   Thumb Code     0  _printf_x.o(.ARM.Collect$$_printf_percent$$0000000C)
    _printf_lli                              0x080001ad   Thumb Code     0  _printf_lli.o(.ARM.Collect$$_printf_percent$$0000000D)
    _printf_lld                              0x080001b3   Thumb Code     0  _printf_lld.o(.ARM.Collect$$_printf_percent$$0000000E)
    _printf_llu                              0x080001b9   Thumb Code     0  _printf_llu.o(.ARM.Collect$$_printf_percent$$0000000F)
    _printf_llo                              0x080001bf   Thumb Code     0  _printf_llo.o(.ARM.Collect$$_printf_percent$$00000010)
    _printf_llx                              0x080001c5   Thumb Code     0  _printf_llx.o(.ARM.Collect$$_printf_percent$$00000011)
    _printf_l                                0x080001cb   Thumb Code     0  _printf_l.o(.ARM.Collect$$_printf_percent$$00000012)
    _printf_c                                0x080001d5   Thumb Code     0  _printf_c.o(.ARM.Collect$$_printf_percent$$00000013)
    _printf_s                                0x080001db   Thumb Code     0  _printf_s.o(.ARM.Collect$$_printf_percent$$00000014)
    _printf_lc                               0x080001e1   Thumb Code     0  _printf_lc.o(.ARM.Collect$$_printf_percent$$00000015)
    _printf_ls                               0x080001e7   Thumb Code     0  _printf_ls.o(.ARM.Collect$$_printf_percent$$00000016)
    _printf_percent_end                      0x080001ed   Thumb Code     0  _printf_percent_end.o(.ARM.Collect$$_printf_percent$$00000017)
    __rt_lib_init                            0x080001f1   Thumb Code     0  libinit.o(.ARM.Collect$$libinit$$00000000)
    __rt_lib_init_fp_1                       0x080001f3   Thumb Code     0  libinit2.o(.ARM.Collect$$libinit$$00000002)
    __rt_lib_init_heap_1                     0x080001f3   Thumb Code     0  libinit2.o(.ARM.Collect$$libinit$$0000000C)
    __rt_lib_init_lc_common                  0x080001f3   Thumb Code     0  libinit2.o(.ARM.Collect$$libinit$$00000011)
    __rt_lib_init_preinit_1                  0x080001f3   Thumb Code     0  libinit2.o(.ARM.Collect$$libinit$$00000006)
    __rt_lib_init_rand_1                     0x080001f3   Thumb Code     0  libinit2.o(.ARM.Collect$$libinit$$00000010)
    __rt_lib_init_relocate_pie_1             0x080001f3   Thumb Code     0  libinit2.o(.ARM.Collect$$libinit$$00000004)
    __rt_lib_init_user_alloc_1               0x080001f3   Thumb Code     0  libinit2.o(.ARM.Collect$$libinit$$0000000E)
    __rt_lib_init_lc_collate_1               0x080001f9   Thumb Code     0  libinit2.o(.ARM.Collect$$libinit$$00000013)
    __rt_lib_init_lc_ctype_2                 0x080001f9   Thumb Code     0  libinit2.o(.ARM.Collect$$libinit$$00000014)
    __rt_lib_init_lc_ctype_1                 0x08000205   Thumb Code     0  libinit2.o(.ARM.Collect$$libinit$$00000015)
    __rt_lib_init_lc_monetary_1              0x08000205   Thumb Code     0  libinit2.o(.ARM.Collect$$libinit$$00000017)
    __rt_lib_init_lc_numeric_2               0x08000205   Thumb Code     0  libinit2.o(.ARM.Collect$$libinit$$00000018)
    __rt_lib_init_alloca_1                   0x0800020f   Thumb Code     0  libinit2.o(.ARM.Collect$$libinit$$00000030)
    __rt_lib_init_argv_1                     0x0800020f   Thumb Code     0  libinit2.o(.ARM.Collect$$libinit$$0000002E)
    __rt_lib_init_atexit_1                   0x0800020f   Thumb Code     0  libinit2.o(.ARM.Collect$$libinit$$0000001D)
    __rt_lib_init_clock_1                    0x0800020f   Thumb Code     0  libinit2.o(.ARM.Collect$$libinit$$00000023)
    __rt_lib_init_cpp_1                      0x0800020f   Thumb Code     0  libinit2.o(.ARM.Collect$$libinit$$00000034)
    __rt_lib_init_exceptions_1               0x0800020f   Thumb Code     0  libinit2.o(.ARM.Collect$$libinit$$00000032)
    __rt_lib_init_fp_trap_1                  0x0800020f   Thumb Code     0  libinit2.o(.ARM.Collect$$libinit$$00000021)
    __rt_lib_init_getenv_1                   0x0800020f   Thumb Code     0  libinit2.o(.ARM.Collect$$libinit$$00000025)
    __rt_lib_init_lc_numeric_1               0x0800020f   Thumb Code     0  libinit2.o(.ARM.Collect$$libinit$$00000019)
    __rt_lib_init_lc_time_1                  0x0800020f   Thumb Code     0  libinit2.o(.ARM.Collect$$libinit$$0000001B)
    __rt_lib_init_return                     0x0800020f   Thumb Code     0  libinit2.o(.ARM.Collect$$libinit$$00000035)
    __rt_lib_init_signal_1                   0x0800020f   Thumb Code     0  libinit2.o(.ARM.Collect$$libinit$$0000001F)
    __rt_lib_init_stdio_1                    0x0800020f   Thumb Code     0  libinit2.o(.ARM.Collect$$libinit$$00000027)
    __rt_lib_shutdown                        0x08000211   Thumb Code     0  libshutdown.o(.ARM.Collect$$libshutdown$$00000000)
    __rt_lib_shutdown_cpp_1                  0x08000213   Thumb Code     0  libshutdown2.o(.ARM.Collect$$libshutdown$$00000002)
    __rt_lib_shutdown_fp_trap_1              0x08000213   Thumb Code     0  libshutdown2.o(.ARM.Collect$$libshutdown$$00000007)
    __rt_lib_shutdown_heap_1                 0x08000213   Thumb Code     0  libshutdown2.o(.ARM.Collect$$libshutdown$$0000000F)
    __rt_lib_shutdown_return                 0x08000213   Thumb Code     0  libshutdown2.o(.ARM.Collect$$libshutdown$$00000010)
    __rt_lib_shutdown_signal_1               0x08000213   Thumb Code     0  libshutdown2.o(.ARM.Collect$$libshutdown$$0000000A)
    __rt_lib_shutdown_stdio_1                0x08000213   Thumb Code     0  libshutdown2.o(.ARM.Collect$$libshutdown$$00000004)
    __rt_lib_shutdown_user_alloc_1           0x08000213   Thumb Code     0  libshutdown2.o(.ARM.Collect$$libshutdown$$0000000C)
    __rt_entry                               0x08000215   Thumb Code     0  __rtentry.o(.ARM.Collect$$rtentry$$00000000)
    __rt_entry_presh_1                       0x08000215   Thumb Code     0  __rtentry2.o(.ARM.Collect$$rtentry$$00000002)
    __rt_entry_sh                            0x08000215   Thumb Code     0  __rtentry4.o(.ARM.Collect$$rtentry$$00000004)
    __rt_entry_li                            0x0800021b   Thumb Code     0  __rtentry2.o(.ARM.Collect$$rtentry$$0000000A)
    __rt_entry_postsh_1                      0x0800021b   Thumb Code     0  __rtentry2.o(.ARM.Collect$$rtentry$$00000009)
    __rt_entry_main                          0x0800021f   Thumb Code     0  __rtentry2.o(.ARM.Collect$$rtentry$$0000000D)
    __rt_entry_postli_1                      0x0800021f   Thumb Code     0  __rtentry2.o(.ARM.Collect$$rtentry$$0000000C)
    __rt_exit                                0x08000227   Thumb Code     0  rtexit.o(.ARM.Collect$$rtexit$$00000000)
    __rt_exit_ls                             0x08000229   Thumb Code     0  rtexit2.o(.ARM.Collect$$rtexit$$00000003)
    __rt_exit_prels_1                        0x08000229   Thumb Code     0  rtexit2.o(.ARM.Collect$$rtexit$$00000002)
    __rt_exit_exit                           0x0800022d   Thumb Code     0  rtexit2.o(.ARM.Collect$$rtexit$$00000004)
    Reset_Handler                            0x08000235   Thumb Code     8  startup_stm32f103xb.o(.text)
    ADC1_2_IRQHandler                        0x0800024f   Thumb Code     0  startup_stm32f103xb.o(.text)
    CAN1_RX1_IRQHandler                      0x0800024f   Thumb Code     0  startup_stm32f103xb.o(.text)
    CAN1_SCE_IRQHandler                      0x0800024f   Thumb Code     0  startup_stm32f103xb.o(.text)
    DMA1_Channel1_IRQHandler                 0x0800024f   Thumb Code     0  startup_stm32f103xb.o(.text)
    DMA1_Channel2_IRQHandler                 0x0800024f   Thumb Code     0  startup_stm32f103xb.o(.text)
    DMA1_Channel3_IRQHandler                 0x0800024f   Thumb Code     0  startup_stm32f103xb.o(.text)
    DMA1_Channel4_IRQHandler                 0x0800024f   Thumb Code     0  startup_stm32f103xb.o(.text)
    DMA1_Channel5_IRQHandler                 0x0800024f   Thumb Code     0  startup_stm32f103xb.o(.text)
    DMA1_Channel6_IRQHandler                 0x0800024f   Thumb Code     0  startup_stm32f103xb.o(.text)
    DMA1_Channel7_IRQHandler                 0x0800024f   Thumb Code     0  startup_stm32f103xb.o(.text)
    EXTI0_IRQHandler                         0x0800024f   Thumb Code     0  startup_stm32f103xb.o(.text)
    EXTI15_10_IRQHandler                     0x0800024f   Thumb Code     0  startup_stm32f103xb.o(.text)
    EXTI1_IRQHandler                         0x0800024f   Thumb Code     0  startup_stm32f103xb.o(.text)
    EXTI2_IRQHandler                         0x0800024f   Thumb Code     0  startup_stm32f103xb.o(.text)
    EXTI3_IRQHandler                         0x0800024f   Thumb Code     0  startup_stm32f103xb.o(.text)
    EXTI4_IRQHandler                         0x0800024f   Thumb Code     0  startup_stm32f103xb.o(.text)
    EXTI9_5_IRQHandler                       0x0800024f   Thumb Code     0  startup_stm32f103xb.o(.text)
    FLASH_IRQHandler                         0x0800024f   Thumb Code     0  startup_stm32f103xb.o(.text)
    I2C1_ER_IRQHandler                       0x0800024f   Thumb Code     0  startup_stm32f103xb.o(.text)
    I2C1_EV_IRQHandler                       0x0800024f   Thumb Code     0  startup_stm32f103xb.o(.text)
    I2C2_ER_IRQHandler                       0x0800024f   Thumb Code     0  startup_stm32f103xb.o(.text)
    I2C2_EV_IRQHandler                       0x0800024f   Thumb Code     0  startup_stm32f103xb.o(.text)
    PVD_IRQHandler                           0x0800024f   Thumb Code     0  startup_stm32f103xb.o(.text)
    RCC_IRQHandler                           0x0800024f   Thumb Code     0  startup_stm32f103xb.o(.text)
    RTC_Alarm_IRQHandler                     0x0800024f   Thumb Code     0  startup_stm32f103xb.o(.text)
    RTC_IRQHandler                           0x0800024f   Thumb Code     0  startup_stm32f103xb.o(.text)
    SPI1_IRQHandler                          0x0800024f   Thumb Code     0  startup_stm32f103xb.o(.text)
    SPI2_IRQHandler                          0x0800024f   Thumb Code     0  startup_stm32f103xb.o(.text)
    TAMPER_IRQHandler                        0x0800024f   Thumb Code     0  startup_stm32f103xb.o(.text)
    TIM1_BRK_IRQHandler                      0x0800024f   Thumb Code     0  startup_stm32f103xb.o(.text)
    TIM1_CC_IRQHandler                       0x0800024f   Thumb Code     0  startup_stm32f103xb.o(.text)
    TIM1_TRG_COM_IRQHandler                  0x0800024f   Thumb Code     0  startup_stm32f103xb.o(.text)
    TIM1_UP_IRQHandler                       0x0800024f   Thumb Code     0  startup_stm32f103xb.o(.text)
    TIM2_IRQHandler                          0x0800024f   Thumb Code     0  startup_stm32f103xb.o(.text)
    TIM3_IRQHandler                          0x0800024f   Thumb Code     0  startup_stm32f103xb.o(.text)
    USART1_IRQHandler                        0x0800024f   Thumb Code     0  startup_stm32f103xb.o(.text)
    USART2_IRQHandler                        0x0800024f   Thumb Code     0  startup_stm32f103xb.o(.text)
    USART3_IRQHandler                        0x0800024f   Thumb Code     0  startup_stm32f103xb.o(.text)
    USBWakeUp_IRQHandler                     0x0800024f   Thumb Code     0  startup_stm32f103xb.o(.text)
    USB_HP_CAN1_TX_IRQHandler                0x0800024f   Thumb Code     0  startup_stm32f103xb.o(.text)
    USB_LP_CAN1_RX0_IRQHandler               0x0800024f   Thumb Code     0  startup_stm32f103xb.o(.text)
    WWDG_IRQHandler                          0x0800024f   Thumb Code     0  startup_stm32f103xb.o(.text)
    __user_initial_stackheap                 0x08000251   Thumb Code     0  startup_stm32f103xb.o(.text)
    sprintf                                  0x08000275   Thumb Code    38  sprintf.o(.text)
    __aeabi_memclr4                          0x080002a1   Thumb Code     0  rt_memclr_w.o(.text)
    __aeabi_memclr8                          0x080002a1   Thumb Code     0  rt_memclr_w.o(.text)
    __rt_memclr_w                            0x080002a1   Thumb Code     0  rt_memclr_w.o(.text)
    _memset_w                                0x080002a5   Thumb Code    74  rt_memclr_w.o(.text)
    __use_two_region_memory                  0x080002ef   Thumb Code     2  heapauxi.o(.text)
    __rt_heap_escrow$2region                 0x080002f1   Thumb Code     2  heapauxi.o(.text)
    __rt_heap_expand$2region                 0x080002f3   Thumb Code     2  heapauxi.o(.text)
    _printf_pre_padding                      0x080002f5   Thumb Code    44  _printf_pad.o(.text)
    _printf_post_padding                     0x08000321   Thumb Code    34  _printf_pad.o(.text)
    _printf_truncate_signed                  0x08000343   Thumb Code    18  _printf_truncate.o(.text)
    _printf_truncate_unsigned                0x08000355   Thumb Code    18  _printf_truncate.o(.text)
    _printf_str                              0x08000367   Thumb Code    82  _printf_str.o(.text)
    _printf_int_dec                          0x080003b9   Thumb Code   104  _printf_dec.o(.text)
    _printf_charcount                        0x08000431   Thumb Code    40  _printf_charcount.o(.text)
    _printf_char_common                      0x08000463   Thumb Code    32  _printf_char_common.o(.text)
    _sputc                                   0x08000489   Thumb Code    10  _sputc.o(.text)
    _printf_wctomb                           0x08000495   Thumb Code   182  _printf_wctomb.o(.text)
    _printf_longlong_dec                     0x08000551   Thumb Code   108  _printf_longlong_dec.o(.text)
    _printf_longlong_oct                     0x080005cd   Thumb Code    68  _printf_oct_int_ll.o(.text)
    _printf_int_oct                          0x08000611   Thumb Code    24  _printf_oct_int_ll.o(.text)
    _printf_ll_oct                           0x08000629   Thumb Code    12  _printf_oct_int_ll.o(.text)
    _printf_longlong_hex                     0x0800063d   Thumb Code    86  _printf_hex_int_ll_ptr.o(.text)
    _printf_int_hex                          0x08000693   Thumb Code    28  _printf_hex_int_ll_ptr.o(.text)
    _printf_ll_hex                           0x080006af   Thumb Code    12  _printf_hex_int_ll_ptr.o(.text)
    _printf_hex_ptr                          0x080006bb   Thumb Code    18  _printf_hex_int_ll_ptr.o(.text)
    __printf                                 0x080006d1   Thumb Code   388  __printf_flags_ss_wp.o(.text)
    _ll_udiv10                               0x08000859   Thumb Code   138  lludiv10.o(.text)
    _printf_int_common                       0x080008e3   Thumb Code   178  _printf_intcommon.o(.text)
    _printf_fp_dec_real                      0x08000b45   Thumb Code   620  _printf_fp_dec.o(.text)
    _printf_fp_hex_real                      0x08000db1   Thumb Code   756  _printf_fp_hex.o(.text)
    _printf_cs_common                        0x080010ad   Thumb Code    20  _printf_char.o(.text)
    _printf_char                             0x080010c1   Thumb Code    16  _printf_char.o(.text)
    _printf_string                           0x080010d1   Thumb Code     8  _printf_char.o(.text)
    _printf_lcs_common                       0x080010d9   Thumb Code    20  _printf_wchar.o(.text)
    _printf_wchar                            0x080010ed   Thumb Code    16  _printf_wchar.o(.text)
    _printf_wstring                          0x080010fd   Thumb Code     8  _printf_wchar.o(.text)
    _c16rtomb                                0x08001105   Thumb Code    72  _c16rtomb.o(.text)
    _wcrtomb                                 0x08001105   Thumb Code     0  _c16rtomb.o(.text)
    __user_setup_stackheap                   0x0800114d   Thumb Code    74  sys_stackheap_outer.o(.text)
    __rt_ctype_table                         0x08001199   Thumb Code    16  rt_ctype_table.o(.text)
    __rt_locale                              0x080011a9   Thumb Code     8  rt_locale_intlibspace.o(.text)
    _printf_fp_infnan                        0x080011b1   Thumb Code   112  _printf_fp_infnan.o(.text)
    _btod_etento                             0x08001231   Thumb Code   224  bigflt0.o(.text)
    exit                                     0x08001315   Thumb Code    18  exit.o(.text)
    __user_libspace                          0x08001329   Thumb Code     8  libspace.o(.text)
    __user_perproc_libspace                  0x08001329   Thumb Code     0  libspace.o(.text)
    __user_perthread_libspace                0x08001329   Thumb Code     0  libspace.o(.text)
    strcmp                                   0x08001331   Thumb Code   128  strcmpv7m.o(.text)
    _sys_exit                                0x080013b1   Thumb Code     8  sys_exit.o(.text)
    __I$use$semihosting                      0x080013bd   Thumb Code     0  use_no_semi.o(.text)
    __use_no_semihosting_swi                 0x080013bd   Thumb Code     2  use_no_semi.o(.text)
    __semihosting_library_function           0x080013bf   Thumb Code     0  indicate_semi.o(.text)
    BusFault_Handler                         0x080013c1   Thumb Code     4  stm32f1xx_it.o(.text.BusFault_Handler)
    DELAY_TIM_Init                           0x080013c5   Thumb Code    16  dht.o(.text.DELAY_TIM_Init)
    DELAY_TIM_Us                             0x080013d5   Thumb Code    40  dht.o(.text.DELAY_TIM_Us)
    DHT_Init                                 0x0800142d   Thumb Code    96  dht.o(.text.DHT_Init)
    DHT_ReadTempHum                          0x08001535   Thumb Code   214  dht.o(.text.DHT_ReadTempHum)
    DebugMon_Handler                         0x08001709   Thumb Code     2  stm32f1xx_it.o(.text.DebugMon_Handler)
    Error_Handler                            0x0800174d   Thumb Code    14  main.o(.text.Error_Handler)
    HAL_Delay                                0x08001799   Thumb Code    66  stm32f1xx_hal.o(.text.HAL_Delay)
    HAL_GPIO_Init                            0x080017dd   Thumb Code   798  stm32f1xx_hal_gpio.o(.text.HAL_GPIO_Init)
    HAL_GPIO_ReadPin                         0x08001afd   Thumb Code    46  stm32f1xx_hal_gpio.o(.text.HAL_GPIO_ReadPin)
    HAL_GPIO_WritePin                        0x08001b2d   Thumb Code    46  stm32f1xx_hal_gpio.o(.text.HAL_GPIO_WritePin)
    HAL_GetTick                              0x08001b5d   Thumb Code    12  stm32f1xx_hal.o(.text.HAL_GetTick)
    HAL_I2C_Init                             0x08001b69   Thumb Code   676  stm32f1xx_hal_i2c.o(.text.HAL_I2C_Init)
    HAL_I2C_Master_Transmit                  0x08001e0d   Thumb Code   520  stm32f1xx_hal_i2c.o(.text.HAL_I2C_Master_Transmit)
    HAL_I2C_MspInit                          0x08002015   Thumb Code   126  stm32f1xx_hal_msp.o(.text.HAL_I2C_MspInit)
    HAL_IncTick                              0x08002095   Thumb Code    26  stm32f1xx_hal.o(.text.HAL_IncTick)
    HAL_Init                                 0x080020b1   Thumb Code    38  stm32f1xx_hal.o(.text.HAL_Init)
    HAL_InitTick                             0x080020d9   Thumb Code   240  stm32f1xx_hal_timebase_tim.o(.text.HAL_InitTick)
    HAL_MspInit                              0x080021c9   Thumb Code   114  stm32f1xx_hal_msp.o(.text.HAL_MspInit)
    HAL_NVIC_EnableIRQ                       0x0800223d   Thumb Code    20  stm32f1xx_hal_cortex.o(.text.HAL_NVIC_EnableIRQ)
    HAL_NVIC_SetPriority                     0x08002251   Thumb Code    50  stm32f1xx_hal_cortex.o(.text.HAL_NVIC_SetPriority)
    HAL_NVIC_SetPriorityGrouping             0x08002285   Thumb Code    16  stm32f1xx_hal_cortex.o(.text.HAL_NVIC_SetPriorityGrouping)
    HAL_RCC_ClockConfig                      0x08002295   Thumb Code   598  stm32f1xx_hal_rcc.o(.text.HAL_RCC_ClockConfig)
    HAL_RCC_GetClockConfig                   0x080024ed   Thumb Code    84  stm32f1xx_hal_rcc.o(.text.HAL_RCC_GetClockConfig)
    HAL_RCC_GetHCLKFreq                      0x08002541   Thumb Code    12  stm32f1xx_hal_rcc.o(.text.HAL_RCC_GetHCLKFreq)
    HAL_RCC_GetPCLK1Freq                     0x0800254d   Thumb Code    34  stm32f1xx_hal_rcc.o(.text.HAL_RCC_GetPCLK1Freq)
    HAL_RCC_GetSysClockFreq                  0x08002571   Thumb Code   188  stm32f1xx_hal_rcc.o(.text.HAL_RCC_GetSysClockFreq)
    HAL_RCC_OscConfig                        0x0800262d   Thumb Code  1658  stm32f1xx_hal_rcc.o(.text.HAL_RCC_OscConfig)
    HAL_TIMEx_BreakCallback                  0x08002ca9   Thumb Code     8  stm32f1xx_hal_tim_ex.o(.text.HAL_TIMEx_BreakCallback)
    HAL_TIMEx_CommutCallback                 0x08002cb1   Thumb Code     8  stm32f1xx_hal_tim_ex.o(.text.HAL_TIMEx_CommutCallback)
    HAL_TIMEx_MasterConfigSynchronization    0x08002cb9   Thumb Code   220  stm32f1xx_hal_tim_ex.o(.text.HAL_TIMEx_MasterConfigSynchronization)
    HAL_TIM_Base_Init                        0x08002d95   Thumb Code   156  stm32f1xx_hal_tim.o(.text.HAL_TIM_Base_Init)
    HAL_TIM_Base_MspInit                     0x08002e31   Thumb Code    58  stm32f1xx_hal_msp.o(.text.HAL_TIM_Base_MspInit)
    HAL_TIM_Base_Start                       0x08002e6d   Thumb Code   164  stm32f1xx_hal_tim.o(.text.HAL_TIM_Base_Start)
    HAL_TIM_Base_Start_IT                    0x08002f11   Thumb Code   176  stm32f1xx_hal_tim.o(.text.HAL_TIM_Base_Start_IT)
    HAL_TIM_ConfigClockSource                0x08002fc1   Thumb Code   388  stm32f1xx_hal_tim.o(.text.HAL_TIM_ConfigClockSource)
    HAL_TIM_IC_CaptureCallback               0x08003145   Thumb Code     8  stm32f1xx_hal_tim.o(.text.HAL_TIM_IC_CaptureCallback)
    HAL_TIM_IRQHandler                       0x0800314d   Thumb Code   634  stm32f1xx_hal_tim.o(.text.HAL_TIM_IRQHandler)
    HAL_TIM_OC_DelayElapsedCallback          0x080033c9   Thumb Code     8  stm32f1xx_hal_tim.o(.text.HAL_TIM_OC_DelayElapsedCallback)
    HAL_TIM_PWM_PulseFinishedCallback        0x080033d1   Thumb Code     8  stm32f1xx_hal_tim.o(.text.HAL_TIM_PWM_PulseFinishedCallback)
    HAL_TIM_PeriodElapsedCallback            0x080033d9   Thumb Code    34  main.o(.text.HAL_TIM_PeriodElapsedCallback)
    HAL_TIM_TriggerCallback                  0x080033fd   Thumb Code     8  stm32f1xx_hal_tim.o(.text.HAL_TIM_TriggerCallback)
    HardFault_Handler                        0x08003405   Thumb Code     4  stm32f1xx_it.o(.text.HardFault_Handler)
    LCD_Clear                                0x08003931   Thumb Code    18  liquidcrystal_i2c.o(.text.LCD_Clear)
    LCD_CreateSpecialChar                    0x08003945   Thumb Code    76  liquidcrystal_i2c.o(.text.LCD_CreateSpecialChar)
    LCD_Display                              0x08003991   Thumb Code    30  liquidcrystal_i2c.o(.text.LCD_Display)
    LCD_Home                                 0x080039b1   Thumb Code    18  liquidcrystal_i2c.o(.text.LCD_Home)
    LCD_Init                                 0x080039c5   Thumb Code   278  liquidcrystal_i2c.o(.text.LCD_Init)
    LCD_PrintStr                             0x08003add   Thumb Code    34  liquidcrystal_i2c.o(.text.LCD_PrintStr)
    LCD_SetCursor                            0x08003b01   Thumb Code    96  liquidcrystal_i2c.o(.text.LCD_SetCursor)
    MemManage_Handler                        0x08003cdd   Thumb Code     4  stm32f1xx_it.o(.text.MemManage_Handler)
    NMI_Handler                              0x08003ce1   Thumb Code     4  stm32f1xx_it.o(.text.NMI_Handler)
    PendSV_Handler                           0x08003d51   Thumb Code    68  port.o(.text.PendSV_Handler)
    SVC_Handler                              0x08003e11   Thumb Code    36  port.o(.text.SVC_Handler)
    StartDHTReading                          0x08003ea9   Thumb Code    92  main.o(.text.StartDHTReading)
    StartLCDDisplay                          0x08003f05   Thumb Code   108  main.o(.text.StartLCDDisplay)
    SysTick_Handler                          0x08003f71   Thumb Code    60  port.o(.text.SysTick_Handler)
    SystemClock_Config                       0x08003fad   Thumb Code   108  main.o(.text.SystemClock_Config)
    SystemInit                               0x08004019   Thumb Code     2  system_stm32f1xx.o(.text.SystemInit)
    TIM4_IRQHandler                          0x0800401d   Thumb Code    16  stm32f1xx_it.o(.text.TIM4_IRQHandler)
    TIM_Base_SetConfig                       0x0800402d   Thumb Code   240  stm32f1xx_hal_tim.o(.text.TIM_Base_SetConfig)
    TIM_ETR_SetConfig                        0x0800411d   Thumb Code    52  stm32f1xx_hal_tim.o(.text.TIM_ETR_SetConfig)
    UsageFault_Handler                       0x08004221   Thumb Code     4  stm32f1xx_it.o(.text.UsageFault_Handler)
    main                                     0x08004301   Thumb Code   218  main.o(.text.main)
    osDelay                                  0x08004405   Thumb Code    40  cmsis_os.o(.text.osDelay)
    osKernelStart                            0x0800442d   Thumb Code    10  cmsis_os.o(.text.osKernelStart)
    osThreadCreate                           0x08004439   Thumb Code   172  cmsis_os.o(.text.osThreadCreate)
    pvPortMalloc                             0x08004ba9   Thumb Code   478  heap_4_1.o(.text.pvPortMalloc)
    pxPortInitialiseStack                    0x08004d89   Thumb Code    80  port.o(.text.pxPortInitialiseStack)
    uxListRemove                             0x08004dd9   Thumb Code    72  list_1.o(.text.uxListRemove)
    vApplicationGetIdleTaskMemory            0x08004e21   Thumb Code    42  freertos.o(.text.vApplicationGetIdleTaskMemory)
    vListInitialise                          0x08004e4d   Thumb Code    46  list_1.o(.text.vListInitialise)
    vListInitialiseItem                      0x08004e7d   Thumb Code    14  list_1.o(.text.vListInitialiseItem)
    vListInsert                              0x08004e8d   Thumb Code   106  list_1.o(.text.vListInsert)
    vListInsertEnd                           0x08004ef9   Thumb Code    58  list_1.o(.text.vListInsertEnd)
    vPortEnterCritical                       0x08004f35   Thumb Code    86  port.o(.text.vPortEnterCritical)
    vPortExitCritical                        0x08004f8d   Thumb Code    74  port.o(.text.vPortExitCritical)
    vPortFree                                0x08004fd9   Thumb Code   192  heap_4_1.o(.text.vPortFree)
    vPortSetupTimerInterrupt                 0x08005099   Thumb Code    68  port.o(.text.vPortSetupTimerInterrupt)
    vTaskDelay                               0x080050dd   Thumb Code   110  tasks_1.o(.text.vTaskDelay)
    vTaskStartScheduler                      0x0800514d   Thumb Code   206  tasks_1.o(.text.vTaskStartScheduler)
    vTaskSuspendAll                          0x0800521d   Thumb Code    16  tasks_1.o(.text.vTaskSuspendAll)
    vTaskSwitchContext                       0x0800522d   Thumb Code   190  tasks_1.o(.text.vTaskSwitchContext)
    xPortStartScheduler                      0x080052ed   Thumb Code   230  port.o(.text.xPortStartScheduler)
    xTaskCreate                              0x080053d5   Thumb Code   158  tasks_1.o(.text.xTaskCreate)
    xTaskCreateStatic                        0x08005475   Thumb Code   204  tasks_1.o(.text.xTaskCreateStatic)
    xTaskIncrementTick                       0x08005541   Thumb Code   440  tasks_1.o(.text.xTaskIncrementTick)
    xTaskResumeAll                           0x080056f9   Thumb Code   376  tasks_1.o(.text.xTaskResumeAll)
    _btod_d2e                                0x08005871   Thumb Code    62  btod.o(CL$$btod_d2e)
    _d2e_denorm_low                          0x080058af   Thumb Code    70  btod.o(CL$$btod_d2e_denorm_low)
    _d2e_norm_op1                            0x080058f5   Thumb Code    96  btod.o(CL$$btod_d2e_norm_op1)
    __btod_div_common                        0x08005955   Thumb Code   696  btod.o(CL$$btod_div_common)
    _e2e                                     0x08005c8d   Thumb Code   220  btod.o(CL$$btod_e2e)
    _btod_ediv                               0x08005d69   Thumb Code    42  btod.o(CL$$btod_ediv)
    _btod_emul                               0x08005d93   Thumb Code    42  btod.o(CL$$btod_emul)
    __btod_mult_common                       0x08005dbd   Thumb Code   580  btod.o(CL$$btod_mult_common)
    __ARM_fpclassify                         0x08006001   Thumb Code    40  fpclassify.o(i.__ARM_fpclassify)
    _is_digit                                0x08006029   Thumb Code    14  __printf_wp.o(i._is_digit)
    _get_lc_numeric                          0x08006039   Thumb Code    44  lc_numeric_c.o(locale$$code)
    _get_lc_ctype                            0x08006065   Thumb Code    44  lc_ctype_c.o(locale$$code)
    __aeabi_d2f                              0x08006091   Thumb Code     0  d2f.o(x$fpl$d2f)
    _d2f                                     0x08006091   Thumb Code    98  d2f.o(x$fpl$d2f)
    __aeabi_ddiv                             0x080060f5   Thumb Code     0  ddiv.o(x$fpl$ddiv)
    _ddiv                                    0x080060f5   Thumb Code   556  ddiv.o(x$fpl$ddiv)
    __aeabi_i2d                              0x080063a9   Thumb Code     0  dflt_clz.o(x$fpl$dflt)
    _dflt                                    0x080063a9   Thumb Code    46  dflt_clz.o(x$fpl$dflt)
    __fpl_dnaninf                            0x080063d7   Thumb Code   156  dnaninf.o(x$fpl$dnaninf)
    __fpl_dretinf                            0x08006473   Thumb Code    12  dretinf.o(x$fpl$dretinf)
    __fpl_fretinf                            0x0800647f   Thumb Code    10  fretinf.o(x$fpl$fretinf)
    _printf_fp_dec                           0x08006489   Thumb Code     4  printf1.o(x$fpl$printf1)
    _printf_fp_hex                           0x0800648d   Thumb Code     4  printf2.o(x$fpl$printf2)
    __I$use$fp                               0x08006490   Number         0  usenofp.o(x$fpl$usenofp)
    AHBPrescTable                            0x080065c4   Data          16  system_stm32f1xx.o(.rodata.AHBPrescTable)
    APBPrescTable                            0x080065d4   Data           8  system_stm32f1xx.o(.rodata.APBPrescTable)
    Region$$Table$$Base                      0x08006628   Number         0  anon$$obj.o(Region$$Table)
    Region$$Table$$Limit                     0x08006648   Number         0  anon$$obj.o(Region$$Table)
    __ctype                                  0x08006671   Data           0  lc_ctype_c.o(locale$$data)
    SystemCoreClock                          0x20000000   Data           4  system_stm32f1xx.o(.data.SystemCoreClock)
    special1                                 0x20000004   Data           8  liquidcrystal_i2c.o(.data.special1)
    special2                                 0x2000000c   Data           8  liquidcrystal_i2c.o(.data.special2)
    uwTickFreq                               0x20000014   Data           1  stm32f1xx_hal.o(.data.uwTickFreq)
    uwTickPrio                               0x20000018   Data           4  stm32f1xx_hal.o(.data.uwTickPrio)
    __libspace_start                         0x20000020   Data          96  libspace.o(.bss)
    DHT1                                     0x20000080   Data          24  main.o(.bss.DHT1)
    __temporary_stack_top$libspace           0x20000080   Data           0  libspace.o(.bss)
    DHTReadingHandle                         0x20000098   Data           4  main.o(.bss.DHTReadingHandle)
    LCDDisplayHandle                         0x2000009c   Data           4  main.o(.bss.LCDDisplayHandle)
    dpBacklight                              0x200000a0   Data           1  liquidcrystal_i2c.o(.bss.dpBacklight)
    dpControl                                0x200000a1   Data           1  liquidcrystal_i2c.o(.bss.dpControl)
    dpFunction                               0x200000a2   Data           1  liquidcrystal_i2c.o(.bss.dpFunction)
    dpMode                                   0x200000a3   Data           1  liquidcrystal_i2c.o(.bss.dpMode)
    dpRows                                   0x200000a4   Data           1  liquidcrystal_i2c.o(.bss.dpRows)
    erFlag                                   0x200000a5   Data           1  main.o(.bss.erFlag)
    hi2c1                                    0x200000a8   Data          84  main.o(.bss.hi2c1)
    htim1                                    0x200000fc   Data          72  main.o(.bss.htim1)
    htim4                                    0x20000144   Data          72  stm32f1xx_hal_timebase_tim.o(.bss.htim4)
    pxCurrentTCB                             0x2000018c   Data           4  tasks_1.o(.bss.pxCurrentTCB)
    str_humi                                 0x20000228   Data          10  main.o(.bss.str_humi)
    str_temp                                 0x20000232   Data          10  main.o(.bss.str_temp)
    uwTick                                   0x20000e44   Data           4  stm32f1xx_hal.o(.bss.uwTick)



==============================================================================

Memory Map of the image

  Image Entry point : 0x080000ed

  Load Region LR_IROM1 (Base: 0x08000000, Size: 0x00006798, Max: 0x00010000, ABSOLUTE)

    Execution Region ER_IROM1 (Exec base: 0x08000000, Load base: 0x08000000, Size: 0x00006774, Max: 0x00010000, ABSOLUTE)

    Exec Addr    Load Addr    Size         Type   Attr      Idx    E Section Name        Object

    0x08000000   0x08000000   0x000000ec   Data   RO            3    RESET               startup_stm32f103xb.o
    0x080000ec   0x080000ec   0x00000008   Code   RO         1618  * !!!main             c_w.l(__main.o)
    0x080000f4   0x080000f4   0x00000034   Code   RO         1977    !!!scatter          c_w.l(__scatter.o)
    0x08000128   0x08000128   0x0000001a   Code   RO         1979    !!handler_copy      c_w.l(__scatter_copy.o)
    0x08000142   0x08000142   0x00000002   PAD
    0x08000144   0x08000144   0x0000001c   Code   RO         1981    !!handler_zi        c_w.l(__scatter_zi.o)
    0x08000160   0x08000160   0x00000000   Code   RO         1714    .ARM.Collect$$_printf_percent$$00000000  c_w.l(_printf_percent.o)
    0x08000160   0x08000160   0x00000006   Code   RO         1703    .ARM.Collect$$_printf_percent$$00000001  c_w.l(_printf_n.o)
    0x08000166   0x08000166   0x00000006   Code   RO         1705    .ARM.Collect$$_printf_percent$$00000002  c_w.l(_printf_p.o)
    0x0800016c   0x0800016c   0x00000006   Code   RO         1710    .ARM.Collect$$_printf_percent$$00000003  c_w.l(_printf_f.o)
    0x08000172   0x08000172   0x00000006   Code   RO         1711    .ARM.Collect$$_printf_percent$$00000004  c_w.l(_printf_e.o)
    0x08000178   0x08000178   0x00000006   Code   RO         1712    .ARM.Collect$$_printf_percent$$00000005  c_w.l(_printf_g.o)
    0x0800017e   0x0800017e   0x00000006   Code   RO         1713    .ARM.Collect$$_printf_percent$$00000006  c_w.l(_printf_a.o)
    0x08000184   0x08000184   0x0000000a   Code   RO         1718    .ARM.Collect$$_printf_percent$$00000007  c_w.l(_printf_ll.o)
    0x0800018e   0x0800018e   0x00000006   Code   RO         1707    .ARM.Collect$$_printf_percent$$00000008  c_w.l(_printf_i.o)
    0x08000194   0x08000194   0x00000006   Code   RO         1708    .ARM.Collect$$_printf_percent$$00000009  c_w.l(_printf_d.o)
    0x0800019a   0x0800019a   0x00000006   Code   RO         1709    .ARM.Collect$$_printf_percent$$0000000A  c_w.l(_printf_u.o)
    0x080001a0   0x080001a0   0x00000006   Code   RO         1706    .ARM.Collect$$_printf_percent$$0000000B  c_w.l(_printf_o.o)
    0x080001a6   0x080001a6   0x00000006   Code   RO         1704    .ARM.Collect$$_printf_percent$$0000000C  c_w.l(_printf_x.o)
    0x080001ac   0x080001ac   0x00000006   Code   RO         1715    .ARM.Collect$$_printf_percent$$0000000D  c_w.l(_printf_lli.o)
    0x080001b2   0x080001b2   0x00000006   Code   RO         1716    .ARM.Collect$$_printf_percent$$0000000E  c_w.l(_printf_lld.o)
    0x080001b8   0x080001b8   0x00000006   Code   RO         1717    .ARM.Collect$$_printf_percent$$0000000F  c_w.l(_printf_llu.o)
    0x080001be   0x080001be   0x00000006   Code   RO         1722    .ARM.Collect$$_printf_percent$$00000010  c_w.l(_printf_llo.o)
    0x080001c4   0x080001c4   0x00000006   Code   RO         1723    .ARM.Collect$$_printf_percent$$00000011  c_w.l(_printf_llx.o)
    0x080001ca   0x080001ca   0x0000000a   Code   RO         1719    .ARM.Collect$$_printf_percent$$00000012  c_w.l(_printf_l.o)
    0x080001d4   0x080001d4   0x00000006   Code   RO         1701    .ARM.Collect$$_printf_percent$$00000013  c_w.l(_printf_c.o)
    0x080001da   0x080001da   0x00000006   Code   RO         1702    .ARM.Collect$$_printf_percent$$00000014  c_w.l(_printf_s.o)
    0x080001e0   0x080001e0   0x00000006   Code   RO         1720    .ARM.Collect$$_printf_percent$$00000015  c_w.l(_printf_lc.o)
    0x080001e6   0x080001e6   0x00000006   Code   RO         1721    .ARM.Collect$$_printf_percent$$00000016  c_w.l(_printf_ls.o)
    0x080001ec   0x080001ec   0x00000004   Code   RO         1775    .ARM.Collect$$_printf_percent$$00000017  c_w.l(_printf_percent_end.o)
    0x080001f0   0x080001f0   0x00000002   Code   RO         1826    .ARM.Collect$$libinit$$00000000  c_w.l(libinit.o)
    0x080001f2   0x080001f2   0x00000000   Code   RO         1844    .ARM.Collect$$libinit$$00000002  c_w.l(libinit2.o)
    0x080001f2   0x080001f2   0x00000000   Code   RO         1846    .ARM.Collect$$libinit$$00000004  c_w.l(libinit2.o)
    0x080001f2   0x080001f2   0x00000000   Code   RO         1848    .ARM.Collect$$libinit$$00000006  c_w.l(libinit2.o)
    0x080001f2   0x080001f2   0x00000000   Code   RO         1851    .ARM.Collect$$libinit$$0000000C  c_w.l(libinit2.o)
    0x080001f2   0x080001f2   0x00000000   Code   RO         1853    .ARM.Collect$$libinit$$0000000E  c_w.l(libinit2.o)
    0x080001f2   0x080001f2   0x00000000   Code   RO         1855    .ARM.Collect$$libinit$$00000010  c_w.l(libinit2.o)
    0x080001f2   0x080001f2   0x00000006   Code   RO         1856    .ARM.Collect$$libinit$$00000011  c_w.l(libinit2.o)
    0x080001f8   0x080001f8   0x00000000   Code   RO         1858    .ARM.Collect$$libinit$$00000013  c_w.l(libinit2.o)
    0x080001f8   0x080001f8   0x0000000c   Code   RO         1859    .ARM.Collect$$libinit$$00000014  c_w.l(libinit2.o)
    0x08000204   0x08000204   0x00000000   Code   RO         1860    .ARM.Collect$$libinit$$00000015  c_w.l(libinit2.o)
    0x08000204   0x08000204   0x00000000   Code   RO         1862    .ARM.Collect$$libinit$$00000017  c_w.l(libinit2.o)
    0x08000204   0x08000204   0x0000000a   Code   RO         1863    .ARM.Collect$$libinit$$00000018  c_w.l(libinit2.o)
    0x0800020e   0x0800020e   0x00000000   Code   RO         1864    .ARM.Collect$$libinit$$00000019  c_w.l(libinit2.o)
    0x0800020e   0x0800020e   0x00000000   Code   RO         1866    .ARM.Collect$$libinit$$0000001B  c_w.l(libinit2.o)
    0x0800020e   0x0800020e   0x00000000   Code   RO         1868    .ARM.Collect$$libinit$$0000001D  c_w.l(libinit2.o)
    0x0800020e   0x0800020e   0x00000000   Code   RO         1870    .ARM.Collect$$libinit$$0000001F  c_w.l(libinit2.o)
    0x0800020e   0x0800020e   0x00000000   Code   RO         1872    .ARM.Collect$$libinit$$00000021  c_w.l(libinit2.o)
    0x0800020e   0x0800020e   0x00000000   Code   RO         1874    .ARM.Collect$$libinit$$00000023  c_w.l(libinit2.o)
    0x0800020e   0x0800020e   0x00000000   Code   RO         1876    .ARM.Collect$$libinit$$00000025  c_w.l(libinit2.o)
    0x0800020e   0x0800020e   0x00000000   Code   RO         1878    .ARM.Collect$$libinit$$00000027  c_w.l(libinit2.o)
    0x0800020e   0x0800020e   0x00000000   Code   RO         1882    .ARM.Collect$$libinit$$0000002E  c_w.l(libinit2.o)
    0x0800020e   0x0800020e   0x00000000   Code   RO         1884    .ARM.Collect$$libinit$$00000030  c_w.l(libinit2.o)
    0x0800020e   0x0800020e   0x00000000   Code   RO         1886    .ARM.Collect$$libinit$$00000032  c_w.l(libinit2.o)
    0x0800020e   0x0800020e   0x00000000   Code   RO         1888    .ARM.Collect$$libinit$$00000034  c_w.l(libinit2.o)
    0x0800020e   0x0800020e   0x00000002   Code   RO         1889    .ARM.Collect$$libinit$$00000035  c_w.l(libinit2.o)
    0x08000210   0x08000210   0x00000002   Code   RO         1913    .ARM.Collect$$libshutdown$$00000000  c_w.l(libshutdown.o)
    0x08000212   0x08000212   0x00000000   Code   RO         1928    .ARM.Collect$$libshutdown$$00000002  c_w.l(libshutdown2.o)
    0x08000212   0x08000212   0x00000000   Code   RO         1930    .ARM.Collect$$libshutdown$$00000004  c_w.l(libshutdown2.o)
    0x08000212   0x08000212   0x00000000   Code   RO         1933    .ARM.Collect$$libshutdown$$00000007  c_w.l(libshutdown2.o)
    0x08000212   0x08000212   0x00000000   Code   RO         1936    .ARM.Collect$$libshutdown$$0000000A  c_w.l(libshutdown2.o)
    0x08000212   0x08000212   0x00000000   Code   RO         1938    .ARM.Collect$$libshutdown$$0000000C  c_w.l(libshutdown2.o)
    0x08000212   0x08000212   0x00000000   Code   RO         1941    .ARM.Collect$$libshutdown$$0000000F  c_w.l(libshutdown2.o)
    0x08000212   0x08000212   0x00000002   Code   RO         1942    .ARM.Collect$$libshutdown$$00000010  c_w.l(libshutdown2.o)
    0x08000214   0x08000214   0x00000000   Code   RO         1632    .ARM.Collect$$rtentry$$00000000  c_w.l(__rtentry.o)
    0x08000214   0x08000214   0x00000000   Code   RO         1744    .ARM.Collect$$rtentry$$00000002  c_w.l(__rtentry2.o)
    0x08000214   0x08000214   0x00000006   Code   RO         1756    .ARM.Collect$$rtentry$$00000004  c_w.l(__rtentry4.o)
    0x0800021a   0x0800021a   0x00000000   Code   RO         1746    .ARM.Collect$$rtentry$$00000009  c_w.l(__rtentry2.o)
    0x0800021a   0x0800021a   0x00000004   Code   RO         1747    .ARM.Collect$$rtentry$$0000000A  c_w.l(__rtentry2.o)
    0x0800021e   0x0800021e   0x00000000   Code   RO         1749    .ARM.Collect$$rtentry$$0000000C  c_w.l(__rtentry2.o)
    0x0800021e   0x0800021e   0x00000008   Code   RO         1750    .ARM.Collect$$rtentry$$0000000D  c_w.l(__rtentry2.o)
    0x08000226   0x08000226   0x00000002   Code   RO         1834    .ARM.Collect$$rtexit$$00000000  c_w.l(rtexit.o)
    0x08000228   0x08000228   0x00000000   Code   RO         1891    .ARM.Collect$$rtexit$$00000002  c_w.l(rtexit2.o)
    0x08000228   0x08000228   0x00000004   Code   RO         1892    .ARM.Collect$$rtexit$$00000003  c_w.l(rtexit2.o)
    0x0800022c   0x0800022c   0x00000006   Code   RO         1893    .ARM.Collect$$rtexit$$00000004  c_w.l(rtexit2.o)
    0x08000232   0x08000232   0x00000002   PAD
    0x08000234   0x08000234   0x00000040   Code   RO            4    .text               startup_stm32f103xb.o
    0x08000274   0x08000274   0x0000002c   Code   RO         1608    .text               c_w.l(sprintf.o)
    0x080002a0   0x080002a0   0x0000004e   Code   RO         1614    .text               c_w.l(rt_memclr_w.o)
    0x080002ee   0x080002ee   0x00000006   Code   RO         1616    .text               c_w.l(heapauxi.o)
    0x080002f4   0x080002f4   0x0000004e   Code   RO         1635    .text               c_w.l(_printf_pad.o)
    0x08000342   0x08000342   0x00000024   Code   RO         1637    .text               c_w.l(_printf_truncate.o)
    0x08000366   0x08000366   0x00000052   Code   RO         1639    .text               c_w.l(_printf_str.o)
    0x080003b8   0x080003b8   0x00000078   Code   RO         1641    .text               c_w.l(_printf_dec.o)
    0x08000430   0x08000430   0x00000028   Code   RO         1643    .text               c_w.l(_printf_charcount.o)
    0x08000458   0x08000458   0x00000030   Code   RO         1645    .text               c_w.l(_printf_char_common.o)
    0x08000488   0x08000488   0x0000000a   Code   RO         1647    .text               c_w.l(_sputc.o)
    0x08000492   0x08000492   0x00000002   PAD
    0x08000494   0x08000494   0x000000bc   Code   RO         1649    .text               c_w.l(_printf_wctomb.o)
    0x08000550   0x08000550   0x0000007c   Code   RO         1652    .text               c_w.l(_printf_longlong_dec.o)
    0x080005cc   0x080005cc   0x00000070   Code   RO         1658    .text               c_w.l(_printf_oct_int_ll.o)
    0x0800063c   0x0800063c   0x00000094   Code   RO         1678    .text               c_w.l(_printf_hex_int_ll_ptr.o)
    0x080006d0   0x080006d0   0x00000188   Code   RO         1698    .text               c_w.l(__printf_flags_ss_wp.o)
    0x08000858   0x08000858   0x0000008a   Code   RO         1758    .text               c_w.l(lludiv10.o)
    0x080008e2   0x080008e2   0x000000b2   Code   RO         1760    .text               c_w.l(_printf_intcommon.o)
    0x08000994   0x08000994   0x0000041c   Code   RO         1762    .text               c_w.l(_printf_fp_dec.o)
    0x08000db0   0x08000db0   0x000002fc   Code   RO         1766    .text               c_w.l(_printf_fp_hex.o)
    0x080010ac   0x080010ac   0x0000002c   Code   RO         1771    .text               c_w.l(_printf_char.o)
    0x080010d8   0x080010d8   0x0000002c   Code   RO         1773    .text               c_w.l(_printf_wchar.o)
    0x08001104   0x08001104   0x00000048   Code   RO         1776    .text               c_w.l(_c16rtomb.o)
    0x0800114c   0x0800114c   0x0000004a   Code   RO         1778    .text               c_w.l(sys_stackheap_outer.o)
    0x08001196   0x08001196   0x00000002   PAD
    0x08001198   0x08001198   0x00000010   Code   RO         1780    .text               c_w.l(rt_ctype_table.o)
    0x080011a8   0x080011a8   0x00000008   Code   RO         1785    .text               c_w.l(rt_locale_intlibspace.o)
    0x080011b0   0x080011b0   0x00000080   Code   RO         1787    .text               c_w.l(_printf_fp_infnan.o)
    0x08001230   0x08001230   0x000000e4   Code   RO         1789    .text               c_w.l(bigflt0.o)
    0x08001314   0x08001314   0x00000012   Code   RO         1819    .text               c_w.l(exit.o)
    0x08001326   0x08001326   0x00000002   PAD
    0x08001328   0x08001328   0x00000008   Code   RO         1831    .text               c_w.l(libspace.o)
    0x08001330   0x08001330   0x00000080   Code   RO         1841    .text               c_w.l(strcmpv7m.o)
    0x080013b0   0x080013b0   0x0000000c   Code   RO         1903    .text               c_w.l(sys_exit.o)
    0x080013bc   0x080013bc   0x00000002   Code   RO         1918    .text               c_w.l(use_no_semi.o)
    0x080013be   0x080013be   0x00000000   Code   RO         1920    .text               c_w.l(indicate_semi.o)
    0x080013be   0x080013be   0x00000002   PAD
    0x080013c0   0x080013c0   0x00000004   Code   RO          174    .text.BusFault_Handler  stm32f1xx_it.o
    0x080013c4   0x080013c4   0x00000010   Code   RO           11    .text.DELAY_TIM_Init  dht.o
    0x080013d4   0x080013d4   0x00000028   Code   RO           13    .text.DELAY_TIM_Us  dht.o
    0x080013fc   0x080013fc   0x00000012   Code   RO           17    .text.DHT_DelayInit  dht.o
    0x0800140e   0x0800140e   0x00000002   PAD
    0x08001410   0x08001410   0x0000001a   Code   RO           29    .text.DHT_DelayUs   dht.o
    0x0800142a   0x0800142a   0x00000002   PAD
    0x0800142c   0x0800142c   0x00000060   Code   RO           15    .text.DHT_Init      dht.o
    0x0800148c   0x0800148c   0x00000092   Code   RO           23    .text.DHT_Read      dht.o
    0x0800151e   0x0800151e   0x00000002   PAD
    0x08001520   0x08001520   0x00000014   Code   RO           33    .text.DHT_ReadPin   dht.o
    0x08001534   0x08001534   0x000000d6   Code   RO           19    .text.DHT_ReadTempHum  dht.o
    0x0800160a   0x0800160a   0x00000002   PAD
    0x0800160c   0x0800160c   0x0000002a   Code   RO           31    .text.DHT_SetPinIn  dht.o
    0x08001636   0x08001636   0x00000002   PAD
    0x08001638   0x08001638   0x0000002c   Code   RO           25    .text.DHT_SetPinOut  dht.o
    0x08001664   0x08001664   0x00000088   Code   RO           21    .text.DHT_Start     dht.o
    0x080016ec   0x080016ec   0x0000001c   Code   RO           27    .text.DHT_WritePin  dht.o
    0x08001708   0x08001708   0x00000002   Code   RO          178    .text.DebugMon_Handler  stm32f1xx_it.o
    0x0800170a   0x0800170a   0x00000002   PAD
    0x0800170c   0x0800170c   0x00000010   Code   RO           44    .text.DelayInit     liquidcrystal_i2c.o
    0x0800171c   0x0800171c   0x0000002e   Code   RO           50    .text.DelayUS       liquidcrystal_i2c.o
    0x0800174a   0x0800174a   0x00000002   PAD
    0x0800174c   0x0800174c   0x0000000e   Code   RO          133    .text.Error_Handler  main.o
    0x0800175a   0x0800175a   0x00000002   PAD
    0x0800175c   0x0800175c   0x0000003a   Code   RO           46    .text.ExpanderWrite  liquidcrystal_i2c.o
    0x08001796   0x08001796   0x00000002   PAD
    0x08001798   0x08001798   0x00000042   Code   RO          253    .text.HAL_Delay     stm32f1xx_hal.o
    0x080017da   0x080017da   0x00000002   PAD
    0x080017dc   0x080017dc   0x0000031e   Code   RO          347    .text.HAL_GPIO_Init  stm32f1xx_hal_gpio.o
    0x08001afa   0x08001afa   0x00000002   PAD
    0x08001afc   0x08001afc   0x0000002e   Code   RO          351    .text.HAL_GPIO_ReadPin  stm32f1xx_hal_gpio.o
    0x08001b2a   0x08001b2a   0x00000002   PAD
    0x08001b2c   0x08001b2c   0x0000002e   Code   RO          353    .text.HAL_GPIO_WritePin  stm32f1xx_hal_gpio.o
    0x08001b5a   0x08001b5a   0x00000002   PAD
    0x08001b5c   0x08001b5c   0x0000000c   Code   RO          245    .text.HAL_GetTick   stm32f1xx_hal.o
    0x08001b68   0x08001b68   0x000002a4   Code   RO          611    .text.HAL_I2C_Init  stm32f1xx_hal_i2c.o
    0x08001e0c   0x08001e0c   0x00000208   Code   RO          619    .text.HAL_I2C_Master_Transmit  stm32f1xx_hal_i2c.o
    0x08002014   0x08002014   0x0000007e   Code   RO          191    .text.HAL_I2C_MspInit  stm32f1xx_hal_msp.o
    0x08002092   0x08002092   0x00000002   PAD
    0x08002094   0x08002094   0x0000001a   Code   RO          243    .text.HAL_IncTick   stm32f1xx_hal.o
    0x080020ae   0x080020ae   0x00000002   PAD
    0x080020b0   0x080020b0   0x00000026   Code   RO          233    .text.HAL_Init      stm32f1xx_hal.o
    0x080020d6   0x080020d6   0x00000002   PAD
    0x080020d8   0x080020d8   0x000000f0   Code   RO          206    .text.HAL_InitTick  stm32f1xx_hal_timebase_tim.o
    0x080021c8   0x080021c8   0x00000072   Code   RO          189    .text.HAL_MspInit   stm32f1xx_hal_msp.o
    0x0800223a   0x0800223a   0x00000002   PAD
    0x0800223c   0x0800223c   0x00000014   Code   RO          415    .text.HAL_NVIC_EnableIRQ  stm32f1xx_hal_cortex.o
    0x08002250   0x08002250   0x00000032   Code   RO          407    .text.HAL_NVIC_SetPriority  stm32f1xx_hal_cortex.o
    0x08002282   0x08002282   0x00000002   PAD
    0x08002284   0x08002284   0x00000010   Code   RO          403    .text.HAL_NVIC_SetPriorityGrouping  stm32f1xx_hal_cortex.o
    0x08002294   0x08002294   0x00000256   Code   RO          299    .text.HAL_RCC_ClockConfig  stm32f1xx_hal_rcc.o
    0x080024ea   0x080024ea   0x00000002   PAD
    0x080024ec   0x080024ec   0x00000054   Code   RO          317    .text.HAL_RCC_GetClockConfig  stm32f1xx_hal_rcc.o
    0x08002540   0x08002540   0x0000000c   Code   RO          309    .text.HAL_RCC_GetHCLKFreq  stm32f1xx_hal_rcc.o
    0x0800254c   0x0800254c   0x00000022   Code   RO          311    .text.HAL_RCC_GetPCLK1Freq  stm32f1xx_hal_rcc.o
    0x0800256e   0x0800256e   0x00000002   PAD
    0x08002570   0x08002570   0x000000bc   Code   RO          301    .text.HAL_RCC_GetSysClockFreq  stm32f1xx_hal_rcc.o
    0x0800262c   0x0800262c   0x0000067a   Code   RO          295    .text.HAL_RCC_OscConfig  stm32f1xx_hal_rcc.o
    0x08002ca6   0x08002ca6   0x00000002   PAD
    0x08002ca8   0x08002ca8   0x00000008   Code   RO         1105    .text.HAL_TIMEx_BreakCallback  stm32f1xx_hal_tim_ex.o
    0x08002cb0   0x08002cb0   0x00000008   Code   RO         1101    .text.HAL_TIMEx_CommutCallback  stm32f1xx_hal_tim_ex.o
    0x08002cb8   0x08002cb8   0x000000dc   Code   RO         1095    .text.HAL_TIMEx_MasterConfigSynchronization  stm32f1xx_hal_tim_ex.o
    0x08002d94   0x08002d94   0x0000009c   Code   RO          782    .text.HAL_TIM_Base_Init  stm32f1xx_hal_tim.o
    0x08002e30   0x08002e30   0x0000003a   Code   RO          195    .text.HAL_TIM_Base_MspInit  stm32f1xx_hal_msp.o
    0x08002e6a   0x08002e6a   0x00000002   PAD
    0x08002e6c   0x08002e6c   0x000000a4   Code   RO          792    .text.HAL_TIM_Base_Start  stm32f1xx_hal_tim.o
    0x08002f10   0x08002f10   0x000000b0   Code   RO          796    .text.HAL_TIM_Base_Start_IT  stm32f1xx_hal_tim.o
    0x08002fc0   0x08002fc0   0x00000184   Code   RO          974    .text.HAL_TIM_ConfigClockSource  stm32f1xx_hal_tim.o
    0x08003144   0x08003144   0x00000008   Code   RO          918    .text.HAL_TIM_IC_CaptureCallback  stm32f1xx_hal_tim.o
    0x0800314c   0x0800314c   0x0000027a   Code   RO          916    .text.HAL_TIM_IRQHandler  stm32f1xx_hal_tim.o
    0x080033c6   0x080033c6   0x00000002   PAD
    0x080033c8   0x080033c8   0x00000008   Code   RO          920    .text.HAL_TIM_OC_DelayElapsedCallback  stm32f1xx_hal_tim.o
    0x080033d0   0x080033d0   0x00000008   Code   RO          922    .text.HAL_TIM_PWM_PulseFinishedCallback  stm32f1xx_hal_tim.o
    0x080033d8   0x080033d8   0x00000022   Code   RO          135    .text.HAL_TIM_PeriodElapsedCallback  main.o
    0x080033fa   0x080033fa   0x00000002   PAD
    0x080033fc   0x080033fc   0x00000008   Code   RO          926    .text.HAL_TIM_TriggerCallback  stm32f1xx_hal_tim.o
    0x08003404   0x08003404   0x00000004   Code   RO          170    .text.HardFault_Handler  stm32f1xx_it.o
    0x08003408   0x08003408   0x00000064   Code   RO          773    .text.I2C_IsAcknowledgeFailed  stm32f1xx_hal_i2c.o
    0x0800346c   0x0800346c   0x00000112   Code   RO          623    .text.I2C_MasterRequestWrite  stm32f1xx_hal_i2c.o
    0x0800357e   0x0800357e   0x00000002   PAD
    0x08003580   0x08003580   0x000000ac   Code   RO          627    .text.I2C_WaitOnBTFFlagUntilTimeout  stm32f1xx_hal_i2c.o
    0x0800362c   0x0800362c   0x00000108   Code   RO          621    .text.I2C_WaitOnFlagUntilTimeout  stm32f1xx_hal_i2c.o
    0x08003734   0x08003734   0x00000154   Code   RO          771    .text.I2C_WaitOnMasterAddressFlagUntilTimeout  stm32f1xx_hal_i2c.o
    0x08003888   0x08003888   0x000000a8   Code   RO          625    .text.I2C_WaitOnTXEFlagUntilTimeout  stm32f1xx_hal_i2c.o
    0x08003930   0x08003930   0x00000012   Code   RO           56    .text.LCD_Clear     liquidcrystal_i2c.o
    0x08003942   0x08003942   0x00000002   PAD
    0x08003944   0x08003944   0x0000004c   Code   RO           54    .text.LCD_CreateSpecialChar  liquidcrystal_i2c.o
    0x08003990   0x08003990   0x0000001e   Code   RO           64    .text.LCD_Display   liquidcrystal_i2c.o
    0x080039ae   0x080039ae   0x00000002   PAD
    0x080039b0   0x080039b0   0x00000012   Code   RO           58    .text.LCD_Home      liquidcrystal_i2c.o
    0x080039c2   0x080039c2   0x00000002   PAD
    0x080039c4   0x080039c4   0x00000116   Code   RO           42    .text.LCD_Init      liquidcrystal_i2c.o
    0x08003ada   0x08003ada   0x00000002   PAD
    0x08003adc   0x08003adc   0x00000022   Code   RO           92    .text.LCD_PrintStr  liquidcrystal_i2c.o
    0x08003afe   0x08003afe   0x00000002   PAD
    0x08003b00   0x08003b00   0x00000060   Code   RO           60    .text.LCD_SetCursor  liquidcrystal_i2c.o
    0x08003b60   0x08003b60   0x000000ac   Code   RO          123    .text.MX_GPIO_Init  main.o
    0x08003c0c   0x08003c0c   0x00000048   Code   RO          127    .text.MX_I2C1_Init  main.o
    0x08003c54   0x08003c54   0x00000088   Code   RO          125    .text.MX_TIM1_Init  main.o
    0x08003cdc   0x08003cdc   0x00000004   Code   RO          172    .text.MemManage_Handler  stm32f1xx_it.o
    0x08003ce0   0x08003ce0   0x00000004   Code   RO          168    .text.NMI_Handler   stm32f1xx_it.o
    0x08003ce4   0x08003ce4   0x0000006c   Code   RO          413    .text.NVIC_EncodePriority  stm32f1xx_hal_cortex.o
    0x08003d50   0x08003d50   0x00000044   Code   RO         1591    .text.PendSV_Handler  port.o
    0x08003d94   0x08003d94   0x00000032   Code   RO          102    .text.PulseEnable   liquidcrystal_i2c.o
    0x08003dc6   0x08003dc6   0x00000002   PAD
    0x08003dc8   0x08003dc8   0x0000003a   Code   RO          297    .text.RCC_Delay     stm32f1xx_hal_rcc.o
    0x08003e02   0x08003e02   0x0000000e   PAD
    0x08003e10   0x08003e10   0x00000024   Code   RO         1577    .text.SVC_Handler   port.o
    0x08003e34   0x08003e34   0x00000042   Code   RO          100    .text.Send          liquidcrystal_i2c.o
    0x08003e76   0x08003e76   0x00000002   PAD
    0x08003e78   0x08003e78   0x00000016   Code   RO           86    .text.SendChar      liquidcrystal_i2c.o
    0x08003e8e   0x08003e8e   0x00000002   PAD
    0x08003e90   0x08003e90   0x00000016   Code   RO           52    .text.SendCommand   liquidcrystal_i2c.o
    0x08003ea6   0x08003ea6   0x00000002   PAD
    0x08003ea8   0x08003ea8   0x0000005c   Code   RO          129    .text.StartDHTReading  main.o
    0x08003f04   0x08003f04   0x0000006c   Code   RO          131    .text.StartLCDDisplay  main.o
    0x08003f70   0x08003f70   0x0000003c   Code   RO         1593    .text.SysTick_Handler  port.o
    0x08003fac   0x08003fac   0x0000006c   Code   RO          121    .text.SystemClock_Config  main.o
    0x08004018   0x08004018   0x00000002   Code   RO         1118    .text.SystemInit    system_stm32f1xx.o
    0x0800401a   0x0800401a   0x00000002   PAD
    0x0800401c   0x0800401c   0x00000010   Code   RO          180    .text.TIM4_IRQHandler  stm32f1xx_it.o
    0x0800402c   0x0800402c   0x000000f0   Code   RO          786    .text.TIM_Base_SetConfig  stm32f1xx_hal_tim.o
    0x0800411c   0x0800411c   0x00000034   Code   RO          972    .text.TIM_ETR_SetConfig  stm32f1xx_hal_tim.o
    0x08004150   0x08004150   0x0000002a   Code   RO          978    .text.TIM_ITRx_SetConfig  stm32f1xx_hal_tim.o
    0x0800417a   0x0800417a   0x00000002   PAD
    0x0800417c   0x0800417c   0x00000050   Code   RO          976    .text.TIM_TI1_ConfigInputStage  stm32f1xx_hal_tim.o
    0x080041cc   0x080041cc   0x00000052   Code   RO          980    .text.TIM_TI2_ConfigInputStage  stm32f1xx_hal_tim.o
    0x0800421e   0x0800421e   0x00000002   PAD
    0x08004220   0x08004220   0x00000004   Code   RO          176    .text.UsageFault_Handler  stm32f1xx_it.o
    0x08004224   0x08004224   0x0000001c   Code   RO           48    .text.Write4Bits    liquidcrystal_i2c.o
    0x08004240   0x08004240   0x00000030   Code   RO          417    .text.__NVIC_EnableIRQ  stm32f1xx_hal_cortex.o
    0x08004270   0x08004270   0x00000010   Code   RO          409    .text.__NVIC_GetPriorityGrouping  stm32f1xx_hal_cortex.o
    0x08004280   0x08004280   0x00000042   Code   RO          411    .text.__NVIC_SetPriority  stm32f1xx_hal_cortex.o
    0x080042c2   0x080042c2   0x00000002   PAD
    0x080042c4   0x080042c4   0x0000003c   Code   RO          405    .text.__NVIC_SetPriorityGrouping  stm32f1xx_hal_cortex.o
    0x08004300   0x08004300   0x000000da   Code   RO          119    .text.main          main.o
    0x080043da   0x080043da   0x00000002   PAD
    0x080043dc   0x080043dc   0x00000028   Code   RO         1436    .text.makeFreeRtosPriority  cmsis_os.o
    0x08004404   0x08004404   0x00000028   Code   RO         1450    .text.osDelay       cmsis_os.o
    0x0800442c   0x0800442c   0x0000000a   Code   RO         1426    .text.osKernelStart  cmsis_os.o
    0x08004436   0x08004436   0x00000002   PAD
    0x08004438   0x08004438   0x000000ac   Code   RO         1434    .text.osThreadCreate  cmsis_os.o
    0x080044e4   0x080044e4   0x000000f4   Code   RO         1314    .text.prvAddCurrentTaskToDelayedList  tasks_1.o
    0x080045d8   0x080045d8   0x00000110   Code   RO         1300    .text.prvAddNewTaskToReadyList  tasks_1.o
    0x080046e8   0x080046e8   0x0000005a   Code   RO         1394    .text.prvCheckTasksWaitingTermination  tasks_1.o
    0x08004742   0x08004742   0x00000002   PAD
    0x08004744   0x08004744   0x0000005e   Code   RO         1306    .text.prvDeleteTCB  tasks_1.o
    0x080047a2   0x080047a2   0x00000002   PAD
    0x080047a4   0x080047a4   0x000000bc   Code   RO         1548    .text.prvHeapInit   heap_4_1.o
    0x08004860   0x08004860   0x00000038   Code   RO         1336    .text.prvIdleTask   tasks_1.o
    0x08004898   0x08004898   0x00000102   Code   RO         1298    .text.prvInitialiseNewTask  tasks_1.o
    0x0800499a   0x0800499a   0x00000002   PAD
    0x0800499c   0x0800499c   0x0000008e   Code   RO         1392    .text.prvInitialiseTaskLists  tasks_1.o
    0x08004a2a   0x08004a2a   0x00000002   PAD
    0x08004a2c   0x08004a2c   0x000000c6   Code   RO         1550    .text.prvInsertBlockIntoFreeList  heap_4_1.o
    0x08004af2   0x08004af2   0x00000002   PAD
    0x08004af4   0x08004af4   0x00000020   Code   RO         1583    .text.prvPortStartFirstTask  port.o
    0x08004b14   0x08004b14   0x00000046   Code   RO         1308    .text.prvResetNextTaskUnblockTime  tasks_1.o
    0x08004b5a   0x08004b5a   0x00000002   PAD
    0x08004b5c   0x08004b5c   0x0000004c   Code   RO         1575    .text.prvTaskExitError  port.o
    0x08004ba8   0x08004ba8   0x000001de   Code   RO         1546    .text.pvPortMalloc  heap_4_1.o
    0x08004d86   0x08004d86   0x00000002   PAD
    0x08004d88   0x08004d88   0x00000050   Code   RO         1573    .text.pxPortInitialiseStack  port.o
    0x08004dd8   0x08004dd8   0x00000048   Code   RO         1170    .text.uxListRemove  list_1.o
    0x08004e20   0x08004e20   0x0000002a   Code   RO          158    .text.vApplicationGetIdleTaskMemory  freertos.o
    0x08004e4a   0x08004e4a   0x00000002   PAD
    0x08004e4c   0x08004e4c   0x0000002e   Code   RO         1162    .text.vListInitialise  list_1.o
    0x08004e7a   0x08004e7a   0x00000002   PAD
    0x08004e7c   0x08004e7c   0x0000000e   Code   RO         1164    .text.vListInitialiseItem  list_1.o
    0x08004e8a   0x08004e8a   0x00000002   PAD
    0x08004e8c   0x08004e8c   0x0000006a   Code   RO         1168    .text.vListInsert   list_1.o
    0x08004ef6   0x08004ef6   0x00000002   PAD
    0x08004ef8   0x08004ef8   0x0000003a   Code   RO         1166    .text.vListInsertEnd  list_1.o
    0x08004f32   0x08004f32   0x00000002   PAD
    0x08004f34   0x08004f34   0x00000056   Code   RO         1587    .text.vPortEnterCritical  port.o
    0x08004f8a   0x08004f8a   0x00000002   PAD
    0x08004f8c   0x08004f8c   0x0000004a   Code   RO         1589    .text.vPortExitCritical  port.o
    0x08004fd6   0x08004fd6   0x00000002   PAD
    0x08004fd8   0x08004fd8   0x000000c0   Code   RO         1552    .text.vPortFree     heap_4_1.o
    0x08005098   0x08005098   0x00000044   Code   RO         1581    .text.vPortSetupTimerInterrupt  port.o
    0x080050dc   0x080050dc   0x0000006e   Code   RO         1310    .text.vTaskDelay    tasks_1.o
    0x0800514a   0x0800514a   0x00000002   PAD
    0x0800514c   0x0800514c   0x000000ce   Code   RO         1334    .text.vTaskStartScheduler  tasks_1.o
    0x0800521a   0x0800521a   0x00000002   PAD
    0x0800521c   0x0800521c   0x00000010   Code   RO         1312    .text.vTaskSuspendAll  tasks_1.o
    0x0800522c   0x0800522c   0x000000be   Code   RO         1326    .text.vTaskSwitchContext  tasks_1.o
    0x080052ea   0x080052ea   0x00000002   PAD
    0x080052ec   0x080052ec   0x000000e6   Code   RO         1579    .text.xPortStartScheduler  port.o
    0x080053d2   0x080053d2   0x00000002   PAD
    0x080053d4   0x080053d4   0x0000009e   Code   RO         1302    .text.xTaskCreate   tasks_1.o
    0x08005472   0x08005472   0x00000002   PAD
    0x08005474   0x08005474   0x000000cc   Code   RO         1296    .text.xTaskCreateStatic  tasks_1.o
    0x08005540   0x08005540   0x000001b8   Code   RO         1340    .text.xTaskIncrementTick  tasks_1.o
    0x080056f8   0x080056f8   0x00000178   Code   RO         1316    .text.xTaskResumeAll  tasks_1.o
    0x08005870   0x08005870   0x0000003e   Code   RO         1792    CL$$btod_d2e        c_w.l(btod.o)
    0x080058ae   0x080058ae   0x00000046   Code   RO         1794    CL$$btod_d2e_denorm_low  c_w.l(btod.o)
    0x080058f4   0x080058f4   0x00000060   Code   RO         1793    CL$$btod_d2e_norm_op1  c_w.l(btod.o)
    0x08005954   0x08005954   0x00000338   Code   RO         1802    CL$$btod_div_common  c_w.l(btod.o)
    0x08005c8c   0x08005c8c   0x000000dc   Code   RO         1799    CL$$btod_e2e        c_w.l(btod.o)
    0x08005d68   0x08005d68   0x0000002a   Code   RO         1796    CL$$btod_ediv       c_w.l(btod.o)
    0x08005d92   0x08005d92   0x0000002a   Code   RO         1795    CL$$btod_emul       c_w.l(btod.o)
    0x08005dbc   0x08005dbc   0x00000244   Code   RO         1801    CL$$btod_mult_common  c_w.l(btod.o)
    0x08006000   0x08006000   0x00000028   Code   RO         1829    i.__ARM_fpclassify  m_ws.l(fpclassify.o)
    0x08006028   0x08006028   0x0000000e   Code   RO         1691    i._is_digit         c_w.l(__printf_wp.o)
    0x08006036   0x08006036   0x00000002   PAD
    0x08006038   0x08006038   0x0000002c   Code   RO         1817    locale$$code        c_w.l(lc_numeric_c.o)
    0x08006064   0x08006064   0x0000002c   Code   RO         1839    locale$$code        c_w.l(lc_ctype_c.o)
    0x08006090   0x08006090   0x00000062   Code   RO         1620    x$fpl$d2f           fz_ws.l(d2f.o)
    0x080060f2   0x080060f2   0x00000002   PAD
    0x080060f4   0x080060f4   0x000002b4   Code   RO         1623    x$fpl$ddiv          fz_ws.l(ddiv.o)
    0x080063a8   0x080063a8   0x0000002e   Code   RO         1627    x$fpl$dflt          fz_ws.l(dflt_clz.o)
    0x080063d6   0x080063d6   0x0000009c   Code   RO         1728    x$fpl$dnaninf       fz_ws.l(dnaninf.o)
    0x08006472   0x08006472   0x0000000c   Code   RO         1730    x$fpl$dretinf       fz_ws.l(dretinf.o)
    0x0800647e   0x0800647e   0x0000000a   Code   RO         1732    x$fpl$fretinf       fz_ws.l(fretinf.o)
    0x08006488   0x08006488   0x00000004   Code   RO         1734    x$fpl$printf1       fz_ws.l(printf1.o)
    0x0800648c   0x0800648c   0x00000004   Code   RO         1736    x$fpl$printf2       fz_ws.l(printf2.o)
    0x08006490   0x08006490   0x00000000   Code   RO         1742    x$fpl$usenofp       fz_ws.l(usenofp.o)
    0x08006490   0x08006490   0x00000008   Data   RO         1650    .constdata          c_w.l(_printf_wctomb.o)
    0x08006498   0x08006498   0x00000028   Data   RO         1679    .constdata          c_w.l(_printf_hex_int_ll_ptr.o)
    0x080064c0   0x080064c0   0x00000011   Data   RO         1699    .constdata          c_w.l(__printf_flags_ss_wp.o)
    0x080064d1   0x080064d1   0x00000026   Data   RO         1767    .constdata          c_w.l(_printf_fp_hex.o)
    0x080064f7   0x080064f7   0x00000001   PAD
    0x080064f8   0x080064f8   0x00000094   Data   RO         1790    .constdata          c_w.l(bigflt0.o)
    0x0800658c   0x0800658c   0x0000001c   Data   RO          141    .rodata..L__const.main.os_thread_def_DHTReading  main.o
    0x080065a8   0x080065a8   0x0000001c   Data   RO          143    .rodata..L__const.main.os_thread_def_LCDDisplay  main.o
    0x080065c4   0x080065c4   0x00000010   Data   RO         1123    .rodata.AHBPrescTable  system_stm32f1xx.o
    0x080065d4   0x080065d4   0x00000008   Data   RO         1124    .rodata.APBPrescTable  system_stm32f1xx.o
    0x080065dc   0x080065dc   0x00000010   Data   RO          323    .rodata.HAL_RCC_GetSysClockFreq.aPLLMULFactorTable  stm32f1xx_hal_rcc.o
    0x080065ec   0x080065ec   0x00000002   Data   RO          324    .rodata.HAL_RCC_GetSysClockFreq.aPredivFactorTable  stm32f1xx_hal_rcc.o
    0x080065ee   0x080065ee   0x00000033   Data   RO          140    .rodata.str1.1      main.o
    0x08006621   0x08006621   0x00000005   Data   RO         1407    .rodata.str1.1      tasks_1.o
    0x08006626   0x08006626   0x00000002   PAD
    0x08006628   0x08006628   0x00000020   Data   RO         1976    Region$$Table       anon$$obj.o
    0x08006648   0x08006648   0x0000001c   Data   RO         1816    locale$$data        c_w.l(lc_numeric_c.o)
    0x08006664   0x08006664   0x00000110   Data   RO         1838    locale$$data        c_w.l(lc_ctype_c.o)


    Execution Region RW_IRAM1 (Exec base: 0x20000000, Load base: 0x08006778, Size: 0x00001748, Max: 0x00005000, ABSOLUTE)

    Exec Addr    Load Addr    Size         Type   Attr      Idx    E Section Name        Object

    0x20000000   0x08006778   0x00000004   Data   RW         1122    .data.SystemCoreClock  system_stm32f1xx.o
    0x20000004   0x0800677c   0x00000008   Data   RW          104    .data.special1      liquidcrystal_i2c.o
    0x2000000c   0x08006784   0x00000008   Data   RW          105    .data.special2      liquidcrystal_i2c.o
    0x20000014   0x0800678c   0x00000001   Data   RW          284    .data.uwTickFreq    stm32f1xx_hal.o
    0x20000015   0x0800678d   0x00000003   PAD
    0x20000018   0x08006790   0x00000004   Data   RW          283    .data.uwTickPrio    stm32f1xx_hal.o
    0x2000001c   0x08006794   0x00000004   Data   RW         1599    .data.uxCriticalNesting  port.o
    0x20000020        -       0x00000060   Zero   RW         1832    .bss                c_w.l(libspace.o)
    0x20000080        -       0x00000018   Zero   RW          138    .bss.DHT1           main.o
    0x20000098        -       0x00000004   Zero   RW          142    .bss.DHTReadingHandle  main.o
    0x2000009c        -       0x00000004   Zero   RW          144    .bss.LCDDisplayHandle  main.o
    0x200000a0        -       0x00000001   Zero   RW          107    .bss.dpBacklight    liquidcrystal_i2c.o
    0x200000a1        -       0x00000001   Zero   RW          109    .bss.dpControl      liquidcrystal_i2c.o
    0x200000a2        -       0x00000001   Zero   RW          108    .bss.dpFunction     liquidcrystal_i2c.o
    0x200000a3        -       0x00000001   Zero   RW          110    .bss.dpMode         liquidcrystal_i2c.o
    0x200000a4        -       0x00000001   Zero   RW          106    .bss.dpRows         liquidcrystal_i2c.o
    0x200000a5        -       0x00000001   Zero   RW          137    .bss.erFlag         main.o
    0x200000a6   0x08006798   0x00000002   PAD
    0x200000a8        -       0x00000054   Zero   RW          147    .bss.hi2c1          main.o
    0x200000fc        -       0x00000048   Zero   RW          139    .bss.htim1          main.o
    0x20000144        -       0x00000048   Zero   RW          212    .bss.htim4          stm32f1xx_hal_timebase_tim.o
    0x2000018c        -       0x00000004   Zero   RW         1396    .bss.pxCurrentTCB   tasks_1.o
    0x20000190        -       0x00000004   Zero   RW         1413    .bss.pxDelayedTaskList  tasks_1.o
    0x20000194        -       0x00000004   Zero   RW         1560    .bss.pxEnd          heap_4_1.o
    0x20000198        -       0x00000004   Zero   RW         1414    .bss.pxOverflowDelayedTaskList  tasks_1.o
    0x2000019c        -       0x0000008c   Zero   RW         1397    .bss.pxReadyTasksLists  tasks_1.o
    0x20000228        -       0x0000000a   Zero   RW          146    .bss.str_humi       main.o
    0x20000232        -       0x0000000a   Zero   RW          145    .bss.str_temp       main.o
    0x2000023c        -       0x00000c00   Zero   RW         1565    .bss.ucHeap         heap_4_1.o
    0x20000e3c        -       0x00000001   Zero   RW         1597    .bss.ucMaxSysCallPriority  port.o
    0x20000e3d   0x08006798   0x00000003   PAD
    0x20000e40        -       0x00000004   Zero   RW         1598    .bss.ulMaxPRIGROUPValue  port.o
    0x20000e44        -       0x00000004   Zero   RW          285    .bss.uwTick         stm32f1xx_hal.o
    0x20000e48        -       0x00000004   Zero   RW         1402    .bss.uxCurrentNumberOfTasks  tasks_1.o
    0x20000e4c        -       0x00000004   Zero   RW         1401    .bss.uxDeletedTasksWaitingCleanUp  tasks_1.o
    0x20000e50        -       0x00000004   Zero   RW         1412    .bss.uxPendedTicks  tasks_1.o
    0x20000e54        -       0x00000004   Zero   RW         1404    .bss.uxSchedulerSuspended  tasks_1.o
    0x20000e58        -       0x00000004   Zero   RW         1399    .bss.uxTaskNumber   tasks_1.o
    0x20000e5c        -       0x00000004   Zero   RW         1398    .bss.uxTopReadyPriority  tasks_1.o
    0x20000e60        -       0x00000004   Zero   RW         1561    .bss.xBlockAllocatedBit  heap_4_1.o
    0x20000e64        -       0x00000014   Zero   RW         1416    .bss.xDelayedTaskList1  tasks_1.o
    0x20000e78        -       0x00000014   Zero   RW         1417    .bss.xDelayedTaskList2  tasks_1.o
    0x20000e8c        -       0x00000004   Zero   RW         1562    .bss.xFreeBytesRemaining  heap_4_1.o
    0x20000e90        -       0x00000200   Zero   RW          161    .bss.xIdleStack     freertos.o
    0x20001090        -       0x00000004   Zero   RW         1408    .bss.xIdleTaskHandle  tasks_1.o
    0x20001094        -       0x00000054   Zero   RW          160    .bss.xIdleTaskTCBBuffer  freertos.o
    0x200010e8        -       0x00000004   Zero   RW         1564    .bss.xMinimumEverFreeBytesRemaining  heap_4_1.o
    0x200010ec        -       0x00000004   Zero   RW         1409    .bss.xNextTaskUnblockTime  tasks_1.o
    0x200010f0        -       0x00000004   Zero   RW         1415    .bss.xNumOfOverflows  tasks_1.o
    0x200010f4        -       0x00000014   Zero   RW         1406    .bss.xPendingReadyList  tasks_1.o
    0x20001108        -       0x00000004   Zero   RW         1403    .bss.xSchedulerRunning  tasks_1.o
    0x2000110c        -       0x00000008   Zero   RW         1563    .bss.xStart         heap_4_1.o
    0x20001114        -       0x00000014   Zero   RW         1405    .bss.xSuspendedTaskList  tasks_1.o
    0x20001128        -       0x00000014   Zero   RW         1400    .bss.xTasksWaitingTermination  tasks_1.o
    0x2000113c        -       0x00000004   Zero   RW         1410    .bss.xTickCount     tasks_1.o
    0x20001140        -       0x00000004   Zero   RW         1411    .bss.xYieldPending  tasks_1.o
    0x20001144   0x08006798   0x00000004   PAD
    0x20001148        -       0x00000200   Zero   RW            2    HEAP                startup_stm32f103xb.o
    0x20001348        -       0x00000400   Zero   RW            1    STACK               startup_stm32f103xb.o


==============================================================================

Image component sizes


      Code (inc. data)   RO Data    RW Data    ZI Data      Debug   Object Name

       262          0          0          0          0      16114   cmsis_os.o
       826          0          0          0          0       6277   dht.o
        42          0          0          0        596       1642   freertos.o
      1056          0          0          0       3096       3631   heap_4_1.o
       858          0          0         16          5       4770   liquidcrystal_i2c.o
       296          0          0          0          0       2259   list_1.o
       954          0        107          0        209       9804   main.o
       810         12          0          4          5       3673   port.o
        64         26        236          0       1536        856   startup_stm32f103xb.o
       142          0          0          5          4       5611   stm32f1xx_hal.o
       384          0          0          0          0       7562   stm32f1xx_hal_cortex.o
       890          0          0          0          0       4266   stm32f1xx_hal_gpio.o
      2514          0          0          0          0      37231   stm32f1xx_hal_i2c.o
       298          0          0          0          0       7399   stm32f1xx_hal_msp.o
      2632          0         18          0          0       7462   stm32f1xx_hal_rcc.o
      2046          0          0          0          0      35503   stm32f1xx_hal_tim.o
       236          0          0          0          0      15122   stm32f1xx_hal_tim_ex.o
       240          0          0          0         72       5735   stm32f1xx_hal_timebase_tim.o
        38          0          0          0          0        928   stm32f1xx_it.o
         2          0         24          4          0       1621   system_stm32f1xx.o
      2926          0          5          0        300      19842   tasks_1.o

    ----------------------------------------------------------------------
     17648         38        424         32       5832     197308   Object Totals
         0          0         32          0          0          0   (incl. Generated)
       132          0          2          3          9          0   (incl. Padding)

    ----------------------------------------------------------------------

      Code (inc. data)   RO Data    RW Data    ZI Data      Debug   Library Member Name

         8          0          0          0          0         68   __main.o
       392          4         17          0          0         92   __printf_flags_ss_wp.o
        14          0          0          0          0         68   __printf_wp.o
         0          0          0          0          0          0   __rtentry.o
        12          0          0          0          0          0   __rtentry2.o
         6          0          0          0          0          0   __rtentry4.o
        52          8          0          0          0          0   __scatter.o
        26          0          0          0          0          0   __scatter_copy.o
        28          0          0          0          0          0   __scatter_zi.o
        72          0          0          0          0         96   _c16rtomb.o
         6          0          0          0          0          0   _printf_a.o
         6          0          0          0          0          0   _printf_c.o
        44          0          0          0          0        108   _printf_char.o
        48          6          0          0          0         96   _printf_char_common.o
        40          0          0          0          0         68   _printf_charcount.o
         6          0          0          0          0          0   _printf_d.o
       120         16          0          0          0         92   _printf_dec.o
         6          0          0          0          0          0   _printf_e.o
         6          0          0          0          0          0   _printf_f.o
      1052          0          0          0          0        148   _printf_fp_dec.o
       764          8         38          0          0        100   _printf_fp_hex.o
       128         16          0          0          0         84   _printf_fp_infnan.o
         6          0          0          0          0          0   _printf_g.o
       148          4         40          0          0        160   _printf_hex_int_ll_ptr.o
         6          0          0          0          0          0   _printf_i.o
       178          0          0          0          0         88   _printf_intcommon.o
        10          0          0          0          0          0   _printf_l.o
         6          0          0          0          0          0   _printf_lc.o
        10          0          0          0          0          0   _printf_ll.o
         6          0          0          0          0          0   _printf_lld.o
         6          0          0          0          0          0   _printf_lli.o
         6          0          0          0          0          0   _printf_llo.o
         6          0          0          0          0          0   _printf_llu.o
         6          0          0          0          0          0   _printf_llx.o
       124         16          0          0          0         92   _printf_longlong_dec.o
         6          0          0          0          0          0   _printf_ls.o
         6          0          0          0          0          0   _printf_n.o
         6          0          0          0          0          0   _printf_o.o
       112          8          0          0          0        124   _printf_oct_int_ll.o
         6          0          0          0          0          0   _printf_p.o
        78          0          0          0          0        108   _printf_pad.o
         0          0          0          0          0          0   _printf_percent.o
         4          0          0          0          0          0   _printf_percent_end.o
         6          0          0          0          0          0   _printf_s.o
        82          0          0          0          0         80   _printf_str.o
        36          0          0          0          0         84   _printf_truncate.o
         6          0          0          0          0          0   _printf_u.o
        44          0          0          0          0        108   _printf_wchar.o
       188          6          8          0          0         92   _printf_wctomb.o
         6          0          0          0          0          0   _printf_x.o
        10          0          0          0          0         68   _sputc.o
       228          4        148          0          0         96   bigflt0.o
      1936        128          0          0          0        668   btod.o
        18          0          0          0          0         80   exit.o
         6          0          0          0          0        152   heapauxi.o
         0          0          0          0          0          0   indicate_semi.o
        44         10        272          0          0         76   lc_ctype_c.o
        44         10         28          0          0         76   lc_numeric_c.o
         2          0          0          0          0          0   libinit.o
        30          0          0          0          0          0   libinit2.o
         2          0          0          0          0          0   libshutdown.o
         2          0          0          0          0          0   libshutdown2.o
         8          4          0          0         96         68   libspace.o
       138          0          0          0          0         80   lludiv10.o
        16          4          0          0          0         76   rt_ctype_table.o
         8          4          0          0          0         68   rt_locale_intlibspace.o
        78          0          0          0          0         80   rt_memclr_w.o
         2          0          0          0          0          0   rtexit.o
        10          0          0          0          0          0   rtexit2.o
        44          6          0          0          0         84   sprintf.o
       128          0          0          0          0         68   strcmpv7m.o
        12          4          0          0          0         68   sys_exit.o
        74          0          0          0          0         80   sys_stackheap_outer.o
         2          0          0          0          0         68   use_no_semi.o
        98          4          0          0          0         92   d2f.o
       692        140          0          0          0        216   ddiv.o
        46          0          0          0          0         68   dflt_clz.o
       156          4          0          0          0         92   dnaninf.o
        12          0          0          0          0         68   dretinf.o
        10          0          0          0          0         68   fretinf.o
         4          0          0          0          0         68   printf1.o
         4          0          0          0          0         68   printf2.o
         0          0          0          0          0          0   usenofp.o
        40          0          0          0          0         68   fpclassify.o

    ----------------------------------------------------------------------
      7860        414        552          0         96       4720   Library Totals
        16          0          1          0          0          0   (incl. Padding)

    ----------------------------------------------------------------------

      Code (inc. data)   RO Data    RW Data    ZI Data      Debug   Library Name

      6782        266        551          0         96       3912   c_w.l
      1022        148          0          0          0        740   fz_ws.l
        40          0          0          0          0         68   m_ws.l

    ----------------------------------------------------------------------
      7860        414        552          0         96       4720   Library Totals

    ----------------------------------------------------------------------

==============================================================================


      Code (inc. data)   RO Data    RW Data    ZI Data      Debug   

     25508        452        976         32       5928     199148   Grand Totals
     25508        452        976         32       5928     199148   ELF Image Totals
     25508        452        976         32          0          0   ROM Totals

==============================================================================

    Total RO  Size (Code + RO Data)                26484 (  25.86kB)
    Total RW  Size (RW Data + ZI Data)              5960 (   5.82kB)
    Total ROM Size (Code + RO Data + RW Data)      26516 (  25.89kB)

==============================================================================

