<html>
<body>
<pre>
<h1>µVision Build Log</h1>
<h2>Tool Versions:</h2>
IDE-Version: µVision V5.38.0.0
Copyright (C) 2022 ARM Ltd and ARM Germany GmbH. All rights reserved.
License Information: a a, a, LIC=----
 
Tool Versions:
Toolchain:       MDK-Lite  Version: 5.38.0.0
Toolchain Path:  C:\Keil_v5\ARM\ARMCLANG\Bin
C Compiler:      ArmClang.exe V6.19
Assembler:       Armasm.exe V6.19
Linker/Locator:  ArmLink.exe V6.19
Library Manager: ArmAr.exe V6.19
Hex Converter:   FromElf.exe V6.19
CPU DLL:         SARMCM3.DLL V5.38.0.0
Dialog DLL:      DCM.DLL V1.17.5.0
Target DLL:      STLink\ST-LINKIII-KEIL_SWO.dll V3.1.0.0
Dialog DLL:      TCM.DLL V1.56.4.0
 
<h2>Project:</h2>
E:\Workspace\libary_emb\C-C++\Embedded_C99\Microcontroller\stm32f10x\test_lib\stm32f103c8t6_hal\dht11\MDK-ARM\dht11.uvprojx
Project File Date:  10/24/2023

<h2>Output:</h2>
*** Using Compiler 'V6.19', folder: 'C:\Keil_v5\ARM\ARMCLANG\Bin'
Rebuild target 'dht11'
Note: source file '../Middlewares/Third_Party/FreeRTOS/Source/list.c' - object file renamed from 'dht11\list.o' to 'dht11\list_1.o'.
Note: source file '../Middlewares/Third_Party/FreeRTOS/Source/queue.c' - object file renamed from 'dht11\queue.o' to 'dht11\queue_1.o'.
Note: source file '../Middlewares/Third_Party/FreeRTOS/Source/tasks.c' - object file renamed from 'dht11\tasks.o' to 'dht11\tasks_1.o'.
Note: source file '../Middlewares/Third_Party/FreeRTOS/Source/portable/MemMang/heap_4.c' - object file renamed from 'dht11\heap_4.o' to 'dht11\heap_4_1.o'.
compiling stm32f1xx_it.c...
compiling DHT.c...
compiling freertos.c...
compiling stm32f1xx_hal_timebase_tim.c...
assembling startup_stm32f103xb.s...
compiling stm32f1xx_hal_msp.c...
compiling liquidcrystal_i2c.c...
compiling main.c...
compiling stm32f1xx_hal_gpio_ex.c...
compiling stm32f1xx_hal.c...
compiling stm32f1xx_hal_rcc_ex.c...
compiling stm32f1xx_hal_gpio.c...
compiling stm32f1xx_hal_rcc.c...
compiling stm32f1xx_hal_dma.c...
compiling stm32f1xx_hal_cortex.c...
compiling stm32f1xx_hal_pwr.c...
compiling stm32f1xx_hal_flash.c...
compiling stm32f1xx_hal_flash_ex.c...
compiling stm32f1xx_hal_exti.c...
compiling croutine.c...
compiling system_stm32f1xx.c...
compiling event_groups.c...
compiling list.c...
compiling stm32f1xx_hal_tim_ex.c...
compiling stream_buffer.c...
compiling queue.c...
compiling timers.c...
compiling heap_4.c...
compiling tasks.c...
compiling stm32f1xx_hal_tim.c...
compiling cmsis_os.c...
compiling port.c...
compiling stm32f1xx_hal_i2c.c...
linking...
Program Size: Code=25508 RO-data=976 RW-data=32 ZI-data=5928  
FromELF: creating hex file...
"dht11\dht11.axf" - 0 Error(s), 0 Warning(s).

<h2>Software Packages used:</h2>

Package Vendor: ARM
                http://www.keil.com/pack/ARM.CMSIS.5.9.0.pack
                ARM.CMSIS.5.9.0
                CMSIS (Common Microcontroller Software Interface Standard)
   * Component: CORE Version: 5.6.0

Package Vendor: Keil
                http://www.keil.com/pack/Keil.STM32F1xx_DFP.2.4.0.pack
                Keil.STM32F1xx_DFP.2.4.0
                STMicroelectronics STM32F1 Series Device Support, Drivers and Examples

<h2>Collection of Component include folders:</h2>
  ./RTE/_dht11
  C:/Users/Lenovo/AppData/Local/Arm/Packs/ARM/CMSIS/5.9.0/CMSIS/Core/Include
  C:/Users/Lenovo/AppData/Local/Arm/Packs/Keil/STM32F1xx_DFP/2.4.0/Device/Include

<h2>Collection of Component Files used:</h2>

   * Component: ARM::CMSIS:CORE:5.6.0
      Include file:  CMSIS/Core/Include/tz_context.h
Build Time Elapsed:  00:00:02
</pre>
</body>
</html>
